 MiniX

 Timestamp is 4d9b22c8 (Tue Apr 05 10:10:16 2011)

 Preferred load address is 10000000

 Start         Length     Name                   Class
 0001:00000000 00084999H .textbss                DATA
 0002:00000000 0006a42eH .text                   CODE
 0002:0006a430 0000622cH .text$AFX_AUX           CODE
 0002:00070660 000150a1H .text$AFX_CMNCTL        CODE
 0002:00085710 0000a04dH .text$AFX_COL1          CODE
 0002:0008f760 00006e57H .text$AFX_COL2          CODE
 0002:000965c0 0001d770H .text$AFX_CORE1         CODE
 0002:000b3d30 0000f869H .text$AFX_CORE2         CODE
 0002:000c35a0 00012221H .text$AFX_CORE3         CODE
 0002:000d57d0 00016e50H .text$AFX_CORE4         CODE
 0002:000ec620 00007d8eH .text$AFX_DBG1          CODE
 0002:000f43b0 0000fe3fH .text$AFX_DBG2          CODE
 0002:001041f0 00001264H .text$AFX_INET          CODE
 0002:00105460 0000ef81H .text$AFX_INIT          CODE
 0002:001143f0 00005139H .text$AFX_OLE1          CODE
 0002:00119530 000021adH .text$AFX_OLE3          CODE
 0002:0011b6e0 00002295H .text$AFX_OLE4          CODE
 0002:0011d980 00005be9H .text$AFX_OLE5          CODE
 0002:00123570 00002eecH .text$AFX_PRNT          CODE
 0002:00126460 0000151cH .text$AFX_TERM          CODE
 0002:00127980 00004f36H .text$x                 CODE
 0002:0012c8c0 00001765H .text$yc                CODE
 0002:0012e030 0000128cH .text$yd                CODE
 0003:00000000 0004002bH .rdata                  DATA
 0003:0004002c 00000160H .rdata$debug            DATA
 0003:0004018c 000031feH .rdata$r                DATA
 0003:0004338c 00000104H .rtc$IAA                DATA
 0003:00043490 0000011cH .rtc$IMZ                DATA
 0003:000435ac 00000104H .rtc$IZZ                DATA
 0003:000436b0 00000104H .rtc$TAA                DATA
 0003:000437b4 0000011cH .rtc$TMZ                DATA
 0003:000438d0 00000104H .rtc$TZZ                DATA
 0003:000439d4 000062aaH .xdata$x                DATA
 0003:00049c80 00000104H ATL$__a                 DATA
 0003:00049d84 00000104H ATL$__z                 DATA
 0003:00049e90 000002aaH .edata                  DATA
 0004:00000000 00000104H .CRT$XCA                DATA
 0004:00000104 00000104H .CRT$XCAA               DATA
 0004:00000208 0000011cH .CRT$XCC                DATA
 0004:00000324 000001ebH .CRT$XCL                DATA
 0004:00000510 000001a6H .CRT$XCU                DATA
 0004:000006b8 00000104H .CRT$XCZ                DATA
 0004:000007bc 00000104H .CRT$XIA                DATA
 0004:000008c0 00000113H .CRT$XIC                DATA
 0004:000009d4 00000104H .CRT$XIY                DATA
 0004:00000ad8 00000104H .CRT$XIZ                DATA
 0004:00000bdc 00000104H .CRT$XPA                DATA
 0004:00000ce0 00000104H .CRT$XPX                DATA
 0004:00000de4 00000104H .CRT$XPZ                DATA
 0004:00000ee8 00000104H .CRT$XTA                DATA
 0004:00000fec 00000104H .CRT$XTB                DATA
 0004:000010f0 00000104H .CRT$XTZ                DATA
 0004:00001200 000030a6H .data                   DATA
 0004:000042c0 00021d08H .bss                    DATA
 0005:00000000 000000f0H .idata$2                DATA
 0005:000000f0 00000014H .idata$3                DATA
 0005:00000104 00001060H .idata$4                DATA
 0005:00001164 00001060H .idata$5                DATA
 0005:000021c4 00003789H .idata$6                DATA
 0006:00000000 00000020H .didat$2                DATA
 0006:00000020 00000020H .didat$3                DATA
 0006:00000040 00000038H .didat$4                DATA
 0006:00000078 00000038H .didat$5                DATA
 0006:000000b0 00000155H .didat$6                DATA
 0006:00000208 00000111H .didat$7                DATA
 0007:00000000 0000122cH .rsrc$01                DATA
 0007:00001230 0003cf19H .rsrc$02                DATA

  Address         Publics by Value              Rva+Base     Lib:Object

 0000:00000000       ___safe_se_handler_table   00000000     <absolute>
 0000:00000000       __except_list              00000000     <absolute>
 0000:00000000       ___safe_se_handler_count   00000000     <absolute>
 0000:00000000       ___ImageBase               10000000     <linker-defined>
 0001:00000000       __enc$textbss$begin        10001000     <linker-defined>
 0001:00084999       __enc$textbss$end          10085999     <linker-defined>
 0002:000107d0       ??0CColorEdit@@QAE@XZ      100967d0 f   ColorControls.obj
 0002:000108c0       ??_ECColorEdit@@UAEPAXI@Z  100968c0 f i ColorControls.obj
 0002:000108c0       ??_GCColorEdit@@UAEPAXI@Z  100968c0 f i ColorControls.obj
 0002:00010930       ??1CColorEdit@@UAE@XZ      10096930 f   ColorControls.obj
 0002:000109d0       ?GetMessageMap@CColorEdit@@MBEPBUAFX_MSGMAP@@XZ 100969d0 f   ColorControls.obj
 0002:00010a10       ?SetTextColor@CColorEdit@@QAEXK@Z 10096a10 f   ColorControls.obj
 0002:00010a80       ?SetBkColor@CColorEdit@@QAEXK@Z 10096a80 f   ColorControls.obj
 0002:00010b10       ?CtlColor@CColorEdit@@IAEPAUHBRUSH__@@PAVCDC@@I@Z 10096b10 f   ColorControls.obj
 0002:00010bc0       ?SetReadOnly@CColorEdit@@QAEHH@Z 10096bc0 f   ColorControls.obj
 0002:00010c50       ??0CColorStatic@@QAE@XZ    10096c50 f   ColorControls.obj
 0002:00010d40       ??_ECColorStatic@@UAEPAXI@Z 10096d40 f i ColorControls.obj
 0002:00010d40       ??_GCColorStatic@@UAEPAXI@Z 10096d40 f i ColorControls.obj
 0002:00010db0       ??1CColorStatic@@UAE@XZ    10096db0 f   ColorControls.obj
 0002:00010e50       ?GetMessageMap@CColorStatic@@MBEPBUAFX_MSGMAP@@XZ 10096e50 f   ColorControls.obj
 0002:00010e90       ?SetTextColor@CColorStatic@@QAEXK@Z 10096e90 f   ColorControls.obj
 0002:00010f00       ?SetBkColor@CColorStatic@@QAEXK@Z 10096f00 f   ColorControls.obj
 0002:00010f90       ?CtlColor@CColorStatic@@IAEPAUHBRUSH__@@PAVCDC@@I@Z 10096f90 f   ColorControls.obj
 0002:00011040       ??0CINI@@QAE@V?$CStringT@DV?$StrTraitMFC@DV?$ChTraitsCRT@D@ATL@@@@@ATL@@@Z 10097040 f   INI.obj
 0002:00011210       ??_ECINI@@UAEPAXI@Z        10097210 f i INI.obj
 0002:00011210       ??_GCINI@@UAEPAXI@Z        10097210 f i INI.obj
 0002:00011280       ??1CINI@@UAE@XZ            10097280 f   INI.obj
 0002:000113f0       ?getKeyValue@CINI@@QAE?AV?$CStringT@DV?$StrTraitMFC@DV?$ChTraitsCRT@D@ATL@@@@@ATL@@V23@0@Z 100973f0 f   INI.obj
 0002:000115a0       ?setKey@CINI@@QAEJV?$CStringT@DV?$StrTraitMFC@DV?$ChTraitsCRT@D@ATL@@@@@ATL@@00@Z 100975a0 f   INI.obj
 0002:00011670       ?DeleteKey@CINI@@QAEJV?$CStringT@DV?$StrTraitMFC@DV?$ChTraitsCRT@D@ATL@@@@@ATL@@0@Z 10097670 f   INI.obj
 0002:00011730       ?DeleteSection@CINI@@QAEJV?$CStringT@DV?$StrTraitMFC@DV?$ChTraitsCRT@D@ATL@@@@@ATL@@@Z 10097730 f   INI.obj
 0002:000117e0       ?sectionExists@CINI@@QAEHV?$CStringT@DV?$StrTraitMFC@DV?$ChTraitsCRT@D@ATL@@@@@ATL@@@Z 100977e0 f   INI.obj
 0002:00011900       ?getSectionNames@CINI@@QAEPAVCStringList@@XZ 10097900 f   INI.obj
 0002:00011b80       ?getSectionData@CINI@@QAEPAVCStringList@@V?$CStringT@DV?$StrTraitMFC@DV?$ChTraitsCRT@D@ATL@@@@@ATL@@@Z 10097b80 f   INI.obj
 0002:00011e20       ?setINIFileName@CINI@@QAEXV?$CStringT@DV?$StrTraitMFC@DV?$ChTraitsCRT@D@ATL@@@@@ATL@@@Z 10097e20 f   INI.obj
 0002:00011ec0       ??4?$CStringT@DV?$StrTraitMFC@DV?$ChTraitsCRT@D@ATL@@@@@ATL@@QAEAAV01@ABV01@@Z 10097ec0 f i INI.obj
 0002:00011f20       ??HATL@@YA?AV?$CStringT@DV?$StrTraitMFC@DV?$ChTraitsCRT@D@ATL@@@@@0@ABV10@D@Z 10097f20 f i INI.obj
 0002:00012070       ??9ATL@@YA_NABV?$CStringT@DV?$StrTraitMFC@DV?$ChTraitsCRT@D@ATL@@@@@0@PBD@Z 10098070 f i INI.obj
 0002:000120d0       ??0?$CStringT@DV?$StrTraitMFC@DV?$ChTraitsCRT@D@ATL@@@@@ATL@@QAE@PAUIAtlStringMgr@1@@Z 100980d0 f i INI.obj
 0002:00012130       ?Compare@?$CStringT@DV?$StrTraitMFC@DV?$ChTraitsCRT@D@ATL@@@@@ATL@@QBEHPBD@Z 10098130 f i INI.obj
 0002:000121e0       ??4?$CSimpleStringT@D$0A@@ATL@@QAEAAV01@ABV01@@Z 100981e0 f i INI.obj
 0002:000122d0       ?GetManager@?$CSimpleStringT@D$0A@@ATL@@QBEPAUIAtlStringMgr@2@XZ 100982d0 f i INI.obj
 0002:00012350       ?Concatenate@?$CSimpleStringT@D$0A@@ATL@@KAXAAV12@PBDH1H@Z 10098350 f i INI.obj
 0002:00012400       ?StringCompare@?$ChTraitsCRT@D@ATL@@SAHPBD0@Z 10098400 f i INI.obj
 0002:00012460       ?_AtlGetThreadACPThunk@ATL@@YGIXZ 10098460 f i INI.obj
 0002:00012560       ?InterlockedExchangePointer@@YGPAXPAPAXPAX@Z 10098560 f i INI.obj
 0002:000125c0       ?_AtlGetThreadACPFake@ATL@@YGIXZ 100985c0 f i INI.obj
 0002:000126e0       ?_AtlGetThreadACPReal@ATL@@YGIXZ 100986e0 f i INI.obj
 0002:00012720       ?AtlIsValidString@ATL@@YAHPBDI@Z 10098720 f i INI.obj
 0002:00012790       ?IsLocked@CStringData@ATL@@QBE_NXZ 10098790 f i INI.obj
 0002:000127e0       ?Release@CStringData@ATL@@QAEXXZ 100987e0 f i INI.obj
 0002:00012890       ??0?$CStringT@DV?$StrTraitMFC@DV?$ChTraitsCRT@D@ATL@@@@@ATL@@QAE@XZ 10098890 f i INI.obj
 0002:000128f0       ??0?$CStringT@DV?$StrTraitMFC@DV?$ChTraitsCRT@D@ATL@@@@@ATL@@QAE@ABV01@@Z 100988f0 f i INI.obj
 0002:00012950       ??0?$CStringT@DV?$StrTraitMFC@DV?$ChTraitsCRT@D@ATL@@@@@ATL@@QAE@PBD@Z 10098950 f i INI.obj
 0002:00012a10       ??1?$CStringT@DV?$StrTraitMFC@DV?$ChTraitsCRT@D@ATL@@@@@ATL@@QAE@XZ 10098a10 f i INI.obj
 0002:00012a60       ??B?$CSimpleStringT@D$0A@@ATL@@QBEPBDXZ 10098a60 f i INI.obj
 0002:00012aa0       ?GetLength@?$CSimpleStringT@D$0A@@ATL@@QBEHXZ 10098aa0 f i INI.obj
 0002:00012b00       ??4?$CStringT@DV?$StrTraitMFC@DV?$ChTraitsCRT@D@ATL@@@@@ATL@@QAEAAV01@PBD@Z 10098b00 f i INI.obj
 0002:00012b60       ?CheckImplicitLoad@?$CStringT@DV?$StrTraitMFC@DV?$ChTraitsCRT@D@ATL@@@@@ATL@@AAE_NPBX@Z 10098b60 f i INI.obj
 0002:00012c30       ??0CTraceFileAndLineInfo@ATL@@QAE@PBDH@Z 10098c30 f i INI.obj
 0002:00012c80       ??RCTraceFileAndLineInfo@ATL@@QBAXKIPBDZZ 10098c80 f i INI.obj
 0002:00012d10       ?TraceV@CTrace@ATL@@QBAXPBDHKI0PAD@Z 10098d10 f i INI.obj
 0002:00012d80       ??BCTraceCategory@ATL@@QBEKXZ 10098d80 f i INI.obj
 0002:00012dc0       ?LoadStringA@?$CStringT@DV?$StrTraitMFC@DV?$ChTraitsCRT@D@ATL@@@@@ATL@@QAEHI@Z 10098dc0 f i INI.obj
 0002:00012e40       ?LoadStringA@?$CStringT@DV?$StrTraitMFC@DV?$ChTraitsCRT@D@ATL@@@@@ATL@@QAEHPAUHINSTANCE__@@I@Z 10098e40 f i INI.obj
 0002:00012f20       ?AtlGetStringResourceImage@ATL@@YAPBUATLSTRINGRESOURCEIMAGE@1@PAUHINSTANCE__@@I@Z 10098f20 f i INI.obj
 0002:00012fc0       ?_AtlGetStringResourceImage@ATL@@YAPBUATLSTRINGRESOURCEIMAGE@1@PAUHINSTANCE__@@PAUHRSRC__@@I@Z 10098fc0 f i INI.obj
 0002:000130f0       ??0?$CSimpleStringT@D$0A@@ATL@@QAE@PAUIAtlStringMgr@1@@Z 100990f0 f i INI.obj
 0002:000131a0       ??0?$CSimpleStringT@D$0A@@ATL@@QAE@ABV01@@Z 100991a0 f i INI.obj
 0002:00013220       ??1?$CSimpleStringT@D$0A@@ATL@@QAE@XZ 10099220 f i INI.obj
 0002:00013280       ?GetBuffer@?$CSimpleStringT@D$0A@@ATL@@QAEPADH@Z 10099280 f i INI.obj
 0002:000132e0       ?GetData@?$CSimpleStringT@D$0A@@ATL@@ABEPAUCStringData@2@XZ 100992e0 f i INI.obj
 0002:00013320       ?PrepareWrite@?$CSimpleStringT@D$0A@@ATL@@AAEPADH@Z 10099320 f i INI.obj
 0002:000133c0       ?FindStringResourceInstance@?$StrTraitMFC@DV?$ChTraitsCRT@D@ATL@@@@SAPAUHINSTANCE__@@I@Z 100993c0 f i INI.obj
 0002:00013410       ?GetDefaultManager@?$StrTraitMFC@DV?$ChTraitsCRT@D@ATL@@@@SAPAUIAtlStringMgr@ATL@@XZ 10099410 f i INI.obj
 0002:00013460       ??4?$CSimpleStringT@D$0A@@ATL@@QAEAAV01@PBD@Z 10099460 f i INI.obj
 0002:000134c0       ?ReleaseBufferSetLength@?$CSimpleStringT@D$0A@@ATL@@QAEXH@Z 100994c0 f i INI.obj
 0002:00013550       ?SetLength@?$CSimpleStringT@D$0A@@ATL@@AAEXH@Z 10099550 f i INI.obj
 0002:00013650       ?AtlThrow@ATL@@YGXJ@Z      10099650 f i INI.obj
 0002:00013700       ?Attach@?$CSimpleStringT@D$0A@@ATL@@AAEXPAUCStringData@2@@Z 10099700 f i INI.obj
 0002:00013760       ?data@CStringData@ATL@@QAEPAXXZ 10099760 f i INI.obj
 0002:000137a0       ?PrepareWrite2@?$CSimpleStringT@D$0A@@ATL@@AAEXH@Z 100997a0 f i INI.obj
 0002:000138a0       ?IsShared@CStringData@ATL@@QBE_NXZ 100998a0 f i INI.obj
 0002:000138f0       ?CloneData@?$CSimpleStringT@D$0A@@ATL@@CAPAUCStringData@2@PAU32@@Z 100998f0 f i INI.obj
 0002:00013a10       ?AddRef@CStringData@ATL@@QAEXXZ 10099a10 f i INI.obj
 0002:00013aa0       ?GetBaseTypeLength@?$ChTraitsCRT@D@ATL@@SAHPB_WH@Z 10099aa0 f i INI.obj
 0002:00013b10       ?_AtlGetConversionACP@ATL@@YGIXZ 10099b10 f i INI.obj
 0002:00013b70       ?ConvertToBaseType@?$ChTraitsCRT@D@ATL@@SAXPADHPB_WH@Z 10099b70 f i INI.obj
 0002:00013bf0       ?SetString@?$CSimpleStringT@D$0A@@ATL@@QAEXPBD@Z 10099bf0 f i INI.obj
 0002:00013c60       ?StringLength@?$CSimpleStringT@D$0A@@ATL@@SAHPBD@Z 10099c60 f i INI.obj
 0002:00013cc0       ?CopyChars@?$CSimpleStringT@D$0A@@ATL@@SAXPADPBDH@Z 10099cc0 f i INI.obj
 0002:00013d20       ?ThrowMemoryException@?$CSimpleStringT@D$0A@@ATL@@KAXXZ 10099d20 f i INI.obj
 0002:00013d70       ?Fork@?$CSimpleStringT@D$0A@@ATL@@AAEXH@Z 10099d70 f i INI.obj
 0002:00013eb0       ?Reallocate@?$CSimpleStringT@D$0A@@ATL@@AAEXH@Z 10099eb0 f i INI.obj
 0002:00013f90       ?SetString@?$CSimpleStringT@D$0A@@ATL@@QAEXPBDH@Z 10099f90 f i INI.obj
 0002:00014090       ?Empty@?$CSimpleStringT@D$0A@@ATL@@QAEXXZ 1009a090 f i INI.obj
 0002:00014160       ?GetString@?$CSimpleStringT@D$0A@@ATL@@QBEPBDXZ 1009a160 f i INI.obj
 0002:000141a0       ?CopyCharsOverlapped@?$CSimpleStringT@D$0A@@ATL@@SAXPADPBDH@Z 1009a1a0 f i INI.obj
 0002:00014200       ?CreateObject@CDialogThread@@SGPAVCObject@@XZ 1009a200 f   MiniXAPI.obj
 0002:000142d0       ??0CDialogThread@@QAE@XZ   1009a2d0 f i MiniXAPI.obj
 0002:00014330       ??_ECDialogThread@@UAEPAXI@Z 1009a330 f i MiniXAPI.obj
 0002:00014330       ??_GCDialogThread@@UAEPAXI@Z 1009a330 f i MiniXAPI.obj
 0002:000143a0       ??1CDialogThread@@UAE@XZ   1009a3a0 f i MiniXAPI.obj
 0002:000143f0       ?GetRuntimeClass@CDialogThread@@UBEPAUCRuntimeClass@@XZ 1009a3f0 f   MiniXAPI.obj
 0002:00014430       ?InitInstance@CDialogThread@@UAEHXZ 1009a430 f   MiniXAPI.obj
 0002:00014540       ??1CMiniXDlg@@UAE@XZ       1009a540 f i MiniXAPI.obj
 0002:00014720       ?OpenMiniX@@YGXXZ          1009a720 f   MiniXAPI.obj
 0002:00014780       ?isMiniXDlg@@YGEXZ         1009a780 f   MiniXAPI.obj
 0002:000147d0       ?CloseMiniX@@YGXXZ         1009a7d0 f   MiniXAPI.obj
 0002:00014850       ?SendMiniXCommand@@YGXE@Z  1009a850 f   MiniXAPI.obj
 0002:000149a0       ?MonitorToString@@YA?AV?$CStringT@DV?$StrTraitMFC@DV?$ChTraitsCRT@D@ATL@@@@@ATL@@PAU_MiniX_Monitor@@@Z 1009a9a0 f   MiniXAPI.obj
 0002:000153d0       ?ReadMiniXMonitor@@YGXPAU_MiniX_Monitor@@@Z 1009b3d0 f   MiniXAPI.obj
 0002:00015480       ?SetMiniXHV@@YGXN@Z        1009b480 f   MiniXAPI.obj
 0002:000155a0       ?SetMiniXCurrent@@YGXN@Z   1009b5a0 f   MiniXAPI.obj
 0002:000156c0       ?ReadMiniXSettings@@YGXPAU_MiniX_Settings@@@Z 1009b6c0 f   MiniXAPI.obj
 0002:00015730       ?ReadMiniXSerialNumber@@YGJXZ 1009b730 f   MiniXAPI.obj
 0002:00015790       ??Y?$CStringT@DV?$StrTraitMFC@DV?$ChTraitsCRT@D@ATL@@@@@ATL@@QAEAAV01@ABV?$CSimpleStringT@D$0A@@1@@Z 1009b790 f i MiniXAPI.obj
 0002:000157f0       ?Format@?$CStringT@DV?$StrTraitMFC@DV?$ChTraitsCRT@D@ATL@@@@@ATL@@QAAXPBDZZ 1009b7f0 f i MiniXAPI.obj
 0002:000158a0       ??HATL@@YA?AV?$CStringT@DV?$StrTraitMFC@DV?$ChTraitsCRT@D@ATL@@@@@0@ABV10@PBD@Z 1009b8a0 f i MiniXAPI.obj
 0002:000159e0       ??HATL@@YA?AV?$CStringT@DV?$StrTraitMFC@DV?$ChTraitsCRT@D@ATL@@@@@0@PBDABV10@@Z 1009b9e0 f i MiniXAPI.obj
 0002:00015b20       ?FormatV@?$CStringT@DV?$StrTraitMFC@DV?$ChTraitsCRT@D@ATL@@@@@ATL@@QAEXPBDPAD@Z 1009bb20 f i MiniXAPI.obj
 0002:00015c10       ??Y?$CSimpleStringT@D$0A@@ATL@@QAEAAV01@ABV01@@Z 1009bc10 f i MiniXAPI.obj
 0002:00015c70       ?Append@?$CSimpleStringT@D$0A@@ATL@@QAEXABV12@@Z 1009bc70 f i MiniXAPI.obj
 0002:00015ce0       ?Append@?$CSimpleStringT@D$0A@@ATL@@QAEXPBDH@Z 1009bce0 f i MiniXAPI.obj
 0002:00015db0       ?GetFormattedLength@?$ChTraitsCRT@D@ATL@@SAHPBDPAD@Z 1009bdb0 f i MiniXAPI.obj
 0002:00015e10       ?Format@?$ChTraitsCRT@D@ATL@@SAHPADPBD0@Z 1009be10 f i MiniXAPI.obj
 0002:00015e70       ??0CAboutDlg@@QAE@XZ       1009be70 f   MiniXDlg.obj
 0002:00015ee0       ??_GCAboutDlg@@UAEPAXI@Z   1009bee0 f i MiniXDlg.obj
 0002:00015ee0       ??_ECAboutDlg@@UAEPAXI@Z   1009bee0 f i MiniXDlg.obj
 0002:00015f50       ??1CAboutDlg@@UAE@XZ       1009bf50 f i MiniXDlg.obj
 0002:00015fa0       ?DoDataExchange@CAboutDlg@@MAEXPAVCDataExchange@@@Z 1009bfa0 f   MiniXDlg.obj
 0002:00016000       ?GetMessageMap@CAboutDlg@@MBEPBUAFX_MSGMAP@@XZ 1009c000 f   MiniXDlg.obj
 0002:00016040       ?OnInitDialog@CAboutDlg@@MAEHXZ 1009c040 f   MiniXDlg.obj
 0002:00016310       ??0CMiniXDlg@@QAE@PAVCWnd@@@Z 1009c310 f   MiniXDlg.obj
 0002:000166d0       ??_GCMiniXDlg@@UAEPAXI@Z   1009c6d0 f i MiniXDlg.obj
 0002:000166d0       ??_ECMiniXDlg@@UAEPAXI@Z   1009c6d0 f i MiniXDlg.obj
 0002:00016740       ?DoDataExchange@CMiniXDlg@@MAEXPAVCDataExchange@@@Z 1009c740 f   MiniXDlg.obj
 0002:000168a0       ?GetMessageMap@CMiniXDlg@@MBEPBUAFX_MSGMAP@@XZ 1009c8a0 f   MiniXDlg.obj
 0002:000168e0       ?OnSysCommand@CMiniXDlg@@IAEXIJ@Z 1009c8e0 f   MiniXDlg.obj
 0002:000169f0       ?OnPaint@CMiniXDlg@@IAEXXZ 1009c9f0 f   MiniXDlg.obj
 0002:00016bd0       ?OnQueryDragIcon@CMiniXDlg@@IAEPAUHICON__@@XZ 1009cbd0 f   MiniXDlg.obj
 0002:00016c10       ?OnInitDialog@CMiniXDlg@@MAEHXZ 1009cc10 f   MiniXDlg.obj
 0002:00017160       ?LoadDLL@CMiniXDlg@@QAEHXZ 1009d160 f   MiniXDlg.obj
 0002:000178d0       ?EE_Read@CMiniXDlg@@IAEKPAUft_program_data@@@Z 1009d8d0 f   MiniXDlg.obj
 0002:00017980       ?EE_Program@CMiniXDlg@@IAEKPAUft_program_data@@@Z 1009d980 f   MiniXDlg.obj
 0002:00017a30       ?GetLatencyTimer@CMiniXDlg@@IAEKPAE@Z 1009da30 f   MiniXDlg.obj
 0002:00017ae0       ?SetLatencyTimer@CMiniXDlg@@IAEKE@Z 1009dae0 f   MiniXDlg.obj
 0002:00017b90       ?SetBitMode@CMiniXDlg@@IAEKEE@Z 1009db90 f   MiniXDlg.obj
 0002:00017c50       ?Read@CMiniXDlg@@IAEKPAXKPAK@Z 1009dc50 f   MiniXDlg.obj
 0002:00017d10       ?Write@CMiniXDlg@@IAEKPAXKPAK@Z 1009dd10 f   MiniXDlg.obj
 0002:00017dd0       ?Open@CMiniXDlg@@IAEKPAX@Z 1009ddd0 f   MiniXDlg.obj
 0002:00017e80       ?OpenEx@CMiniXDlg@@IAEKPAXK@Z 1009de80 f   MiniXDlg.obj
 0002:00017f40       ?ListDevices@CMiniXDlg@@IAEKPAX0K@Z 1009df40 f   MiniXDlg.obj
 0002:00017ff0       ?Close@CMiniXDlg@@IAEKXZ   1009dff0 f   MiniXDlg.obj
 0002:000180a0       ?ResetDevice@CMiniXDlg@@IAEKXZ 1009e0a0 f   MiniXDlg.obj
 0002:00018150       ?Purge@CMiniXDlg@@IAEKK@Z  1009e150 f   MiniXDlg.obj
 0002:00018200       ?SetTimeouts@CMiniXDlg@@IAEKKK@Z 1009e200 f   MiniXDlg.obj
 0002:000182c0       ?GetQueueStatus@CMiniXDlg@@IAEKPAK@Z 1009e2c0 f   MiniXDlg.obj
 0002:00018370       ?OnButtonSelectDevice@CMiniXDlg@@IAEXXZ 1009e370 f   MiniXDlg.obj
 0002:000189d0       ?GetDeviceSerialNumber@CMiniXDlg@@QAEXPAX@Z 1009e9d0 f   MiniXDlg.obj
 0002:00018ca0       ?OnButtonMpsseOn@CMiniXDlg@@IAEXXZ 1009eca0 f   MiniXDlg.obj
 0002:00019030       ?OnButtonDisableMpsse@CMiniXDlg@@IAEXXZ 1009f030 f   MiniXDlg.obj
 0002:000191c0       ?OnButtonSetDacVoltage@CMiniXDlg@@IAEXXZ 1009f1c0 f   MiniXDlg.obj
 0002:00019750       ?OnButtonSetDacbVoltage@CMiniXDlg@@IAEXXZ 1009f750 f   MiniXDlg.obj
 0002:00019c50       ?OnButtonReadAdc@CMiniXDlg@@IAEXXZ 1009fc50 f   MiniXDlg.obj
 0002:0001a290       ?OnButtonReadAdc1@CMiniXDlg@@IAEXXZ 100a0290 f   MiniXDlg.obj
 0002:0001a8d0       ?ReadIOBitsIn@CMiniXDlg@@QAEXPAEE@Z 100a08d0 f   MiniXDlg.obj
 0002:0001aad0       ?MonitorMiniXCtrlIO@CMiniXDlg@@QAEXXZ 100a0ad0 f   MiniXDlg.obj
 0002:0001b220       ?AveMonitors@CMiniXDlg@@QAENNQAN_N@Z 100a1220 f   MiniXDlg.obj
 0002:0001b330       ?OnTimer@CMiniXDlg@@IAEXI@Z 100a1330 f   MiniXDlg.obj
 0002:0001bb60       ?OnChangeEditDacVoltage@CMiniXDlg@@IAEXXZ 100a1b60 f   MiniXDlg.obj
 0002:0001bbc0       ?OnChangeEditDacbVoltage@CMiniXDlg@@IAEXXZ 100a1bc0 f   MiniXDlg.obj
 0002:0001bc20       ?SetHighVoltageDAC@CMiniXDlg@@QAEXN@Z 100a1c20 f   MiniXDlg.obj
 0002:0001bca0       ?OnBnClickedSethighvoltagecontrolbutton@CMiniXDlg@@QAEXXZ 100a1ca0 f   MiniXDlg.obj
 0002:0001bec0       ?OnBnClickedStartmonitorbutton@CMiniXDlg@@QAEXXZ 100a1ec0 f   MiniXDlg.obj
 0002:0001bf40       ?OnBnClickedStopmonitorbutton@CMiniXDlg@@QAEXXZ 100a1f40 f   MiniXDlg.obj
 0002:0001bfa0       ?SetCurrentDAC@CMiniXDlg@@QAEXN@Z 100a1fa0 f   MiniXDlg.obj
 0002:0001c020       ?OnBnClickedSetcurrentcontrolbutton@CMiniXDlg@@QAEXXZ 100a2020 f   MiniXDlg.obj
 0002:0001c240       ?OnBnClickedHvOff@CMiniXDlg@@QAEXXZ 100a2240 f   MiniXDlg.obj
 0002:0001c570       ?OnBnClickedHvOn@CMiniXDlg@@QAEXXZ 100a2570 f   MiniXDlg.obj
 0002:0001c7d0       ?OnBnClickedStartMiniXController@CMiniXDlg@@QAEXXZ 100a27d0 f   MiniXDlg.obj
 0002:0001ca60       ?FailSafe@CMiniXDlg@@QAEXXZ 100a2a60 f   MiniXDlg.obj
 0002:0001cbb0       ?FsMessageBox@CMiniXDlg@@QAEXV?$CStringT@DV?$StrTraitMFC@DV?$ChTraitsCRT@D@ATL@@@@@ATL@@@Z 100a2bb0 f   MiniXDlg.obj
 0002:0001cc90       ?DllMessageBox@CMiniXDlg@@QAEXV?$CStringT@DV?$StrTraitMFC@DV?$ChTraitsCRT@D@ATL@@@@@ATL@@@Z 100a2c90 f   MiniXDlg.obj
 0002:0001cd70       ?OnClose@CMiniXDlg@@QAEXXZ 100a2d70 f   MiniXDlg.obj
 0002:0001ce10       ?OnCancel@CMiniXDlg@@MAEXXZ 100a2e10 f   MiniXDlg.obj
 0002:0001ceb0       ?OnDestroy@CMiniXDlg@@QAEXXZ 100a2eb0 f   MiniXDlg.obj
 0002:0001cf40       ?OnOK@CMiniXDlg@@MAEXXZ    100a2f40 f   MiniXDlg.obj
 0002:0001cfb0       ?OnBnClickedOk@CMiniXDlg@@QAEXXZ 100a2fb0 f   MiniXDlg.obj
 0002:0001d020       ?EnableMINIXButtons@CMiniXDlg@@QAEX_N@Z 100a3020 f   MiniXDlg.obj
 0002:0001d0d0       ?BOOLtobool@CMiniXDlg@@QAE_NH@Z 100a30d0 f   MiniXDlg.obj
 0002:0001d120       ?EnableMINIXButtonsHVOn@CMiniXDlg@@QAE_N_N0@Z 100a3120 f   MiniXDlg.obj
 0002:0001d1e0       ?ReadMiniXSetup@CMiniXDlg@@QAEXXZ 100a31e0 f   MiniXDlg.obj
 0002:0001d5f0       ?ReadMiniXSetup50kv@CMiniXDlg@@QAEXXZ 100a35f0 f   MiniXDlg.obj
 0002:0001da00       ?ShowStatus@CMiniXDlg@@QAEXV?$CStringT@DV?$StrTraitMFC@DV?$ChTraitsCRT@D@ATL@@@@@ATL@@@Z 100a3a00 f   MiniXDlg.obj
 0002:0001dad0       ?SetClkDivisor@CMiniXDlg@@QAEXXZ 100a3ad0 f   MiniXDlg.obj
 0002:0001dc20       ?OnBnClickedSethighvoltageandcurrentbutton@CMiniXDlg@@QAEXXZ 100a3c20 f   MiniXDlg.obj
 0002:0001e6c0       ?HV_InRange@CMiniXDlg@@QAE_NNN_N@Z 100a46c0 f   MiniXDlg.obj
 0002:0001e780       ?I_InRange@CMiniXDlg@@QAE_NNN_N@Z 100a4780 f   MiniXDlg.obj
 0002:0001e840       ?CreateLog@CMiniXDlg@@QAEXXZ 100a4840 f   MiniXDlg.obj
 0002:0001ea30       ?CreateDateTimeStamp@CMiniXDlg@@QAE?AV?$CStringT@DV?$StrTraitMFC@DV?$ChTraitsCRT@D@ATL@@@@@ATL@@XZ 100a4a30 f   MiniXDlg.obj
 0002:0001eba0       ?AppendLog@CMiniXDlg@@QAEXV?$CStringT@DV?$StrTraitMFC@DV?$ChTraitsCRT@D@ATL@@@@@ATL@@@Z 100a4ba0 f   MiniXDlg.obj
 0002:0001ed30       ?ReadTemperature@CMiniXDlg@@QAEXXZ 100a4d30 f   MiniXDlg.obj
 0002:0001f520       ?SetTempSensor@CMiniXDlg@@QAEXXZ 100a5520 f   MiniXDlg.obj
 0002:0001fa20       ?GetTemp@CMiniXDlg@@QAENEE_N@Z 100a5a20 f   MiniXDlg.obj
 0002:0001fb00       ?OnWindowPosChanging@CMiniXDlg@@QAEXPAUtagWINDOWPOS@@@Z 100a5b00 f   MiniXDlg.obj
 0002:0001fb80       ?OnBnClickedGetstatusbutton@CMiniXDlg@@QAEXXZ 100a5b80 f   MiniXDlg.obj
 0002:0001fd00       ?CopyMiniXMonitor@CMiniXDlg@@QAEXPAU_MiniX_Monitor@@@Z 100a5d00 f   MiniXDlg.obj
 0002:0001fe10       ?CopyMiniXSettings@CMiniXDlg@@QAEXPAU_MiniX_Settings@@@Z 100a5e10 f   MiniXDlg.obj
 0002:0001fe90       ?GetEnabledButtons@CMiniXDlg@@QAEEXZ 100a5e90 f   MiniXDlg.obj
 0002:0001ffc0       ?GetWindowDouble@CMiniXDlg@@QAENH@Z 100a5fc0 f   MiniXDlg.obj
 0002:000200e0       ?Left@?$CStringT@DV?$StrTraitMFC@DV?$ChTraitsCRT@D@ATL@@@@@ATL@@QBE?AV12@H@Z 100a60e0 f i MiniXDlg.obj
 0002:000201c0       ?IsEmpty@?$CSimpleStringT@D$0A@@ATL@@QBE_NXZ 100a61c0 f i MiniXDlg.obj
 0002:00020220       ??0?$CStringT@DV?$StrTraitMFC@DV?$ChTraitsCRT@D@ATL@@@@@ATL@@QAE@PBDHPAUIAtlStringMgr@1@@Z 100a6220 f i MiniXDlg.obj
 0002:00020290       ??0?$CSimpleStringT@D$0A@@ATL@@QAE@PBDHPAUIAtlStringMgr@1@@Z 100a6290 f i MiniXDlg.obj
 0002:000203a0       ?GetMessageMap@CMiniXDLLApp@@MBEPBUAFX_MSGMAP@@XZ 100a63a0 f   MiniXDLL.obj
 0002:000203e0       ??0CMiniXDLLApp@@QAE@XZ    100a63e0 f   MiniXDLL.obj
 0002:00020440       ??_ECMiniXDLLApp@@UAEPAXI@Z 100a6440 f i MiniXDLL.obj
 0002:00020440       ??_GCMiniXDLLApp@@UAEPAXI@Z 100a6440 f i MiniXDLL.obj
 0002:000204b0       ??1CMiniXDLLApp@@UAE@XZ    100a64b0 f i MiniXDLL.obj
 0002:00020500       ?InitInstance@CMiniXDLLApp@@UAEHXZ 100a6500 f   MiniXDLL.obj
 0002:00020560       _DllGetClassObject@12      100a6560 f   MiniXDLL.obj
 0002:000205c0       _DllCanUnloadNow@0         100a65c0 f   MiniXDLL.obj
 0002:00020610       _DllRegisterServer@0       100a6610 f   MiniXDLL.obj
 0002:00020660       ?GetEnvironmentVariableWThunk@ATL@@YGKPB_WPA_WK@Z 100a6660 f i stdafx.obj
 0002:000206e0       ?_AtlInstallStringThunk@ATL@@YAXPAPAXPAX1@Z 100a66e0 f i stdafx.obj
 0002:000207a0       ?GetEnvironmentVariableWFake@ATL@@YGKPB_WPA_WK@Z 100a67a0 f i stdafx.obj
 0002:00020a80       ?CompareStringWThunk@ATL@@YGHKKPB_WH0H@Z 100a6a80 f i stdafx.obj
 0002:00020b10       ?CompareStringWFake@ATL@@YGHKKPB_WH0H@Z 100a6b10 f i stdafx.obj
 0002:00020e50       ?_AtlVerifyStackAvailable@_ATL_SAFE_ALLOCA_IMPL@ATL@@YA_NK@Z 100a6e50 f i stdafx.obj
 0002:00020f70       ?AtlW2AHelper@@YGPADPADPB_WHI@Z 100a6f70 f i stdafx.obj
 0002:000210c0       ?GetStringTypeExWThunk@ATL@@YGHKKPB_WHPAG@Z 100a70c0 f i stdafx.obj
 0002:00021150       ?GetStringTypeExWFake@ATL@@YGHKKPB_WHPAG@Z 100a7150 f i stdafx.obj
 0002:00021300       ?lstrcmpiWThunk@ATL@@YGHPB_W0@Z 100a7300 f i stdafx.obj
 0002:00021380       ?lstrcmpiWFake@ATL@@YGHPB_W0@Z 100a7380 f i stdafx.obj
 0002:00021500       ?CharLowerWThunk@ATL@@YGPA_WPA_W@Z 100a7500 f i stdafx.obj
 0002:00021580       ?CharLowerWFake@ATL@@YGPA_WPA_W@Z 100a7580 f i stdafx.obj
 0002:00021720       ?AtlA2WHelper@@YGPA_WPA_WPBDHI@Z 100a7720 f i stdafx.obj
 0002:00021860       ?CharUpperWThunk@ATL@@YGPA_WPA_W@Z 100a7860 f i stdafx.obj
 0002:000218e0       ?CharUpperWFake@ATL@@YGPA_WPA_W@Z 100a78e0 f i stdafx.obj
 0002:00021a80       ??0?$CAtlSafeAllocBufferManager@VCCRTAllocator@ATL@@@_ATL_SAFE_ALLOCA_IMPL@ATL@@QAE@XZ 100a7a80 f i stdafx.obj
 0002:00021ad0       ?Allocate@?$CAtlSafeAllocBufferManager@VCCRTAllocator@ATL@@@_ATL_SAFE_ALLOCA_IMPL@ATL@@QAEPAXK@Z 100a7ad0 f i stdafx.obj
 0002:00021b60       ?Allocate@CCRTAllocator@ATL@@SAPAXI@Z 100a7b60 f i stdafx.obj
 0002:00021bb0       ??1?$CAtlSafeAllocBufferManager@VCCRTAllocator@ATL@@@_ATL_SAFE_ALLOCA_IMPL@ATL@@QAE@XZ 100a7bb0 f i stdafx.obj
 0002:00021c30       ?Free@CCRTAllocator@ATL@@SAXPAX@Z 100a7c30 f i stdafx.obj
 0002:00021c80       ??0?$CTempBuffer@D$0IA@VCCRTAllocator@ATL@@@ATL@@QAE@XZ 100a7c80 f i stdafx.obj
 0002:00021cd0       ??1?$CTempBuffer@D$0IA@VCCRTAllocator@ATL@@@ATL@@QAE@XZ 100a7cd0 f i stdafx.obj
 0002:00021d30       ??B?$CTempBuffer@D$0IA@VCCRTAllocator@ATL@@@ATL@@QBEPADXZ 100a7d30 f i stdafx.obj
 0002:00021d70       ?Allocate@?$CTempBuffer@D$0IA@VCCRTAllocator@ATL@@@ATL@@QAEPADI@Z 100a7d70 f i stdafx.obj
 0002:00021dd0       ??0?$CW2AEX@$0IA@@ATL@@QAE@PB_W@Z 100a7dd0 f i stdafx.obj
 0002:00021e40       ??1?$CW2AEX@$0IA@@ATL@@QAE@XZ 100a7e40 f i stdafx.obj
 0002:00021eb0       ??B?$CW2AEX@$0IA@@ATL@@QBEPADXZ 100a7eb0 f i stdafx.obj
 0002:00021ef0       ?AllocateBytes@?$CTempBuffer@D$0IA@VCCRTAllocator@ATL@@@ATL@@QAEPADI@Z 100a7ef0 f i stdafx.obj
 0002:00021fa0       ?FreeHeap@?$CTempBuffer@D$0IA@VCCRTAllocator@ATL@@@ATL@@AAEXXZ 100a7fa0 f i stdafx.obj
 0002:00022000       ?Init@?$CW2AEX@$0IA@@ATL@@AAEXPB_WI@Z 100a8000 f i stdafx.obj
 0002:00022110       ?AtlThrowLastWin32@ATL@@YGXXZ 100a8110 f i stdafx.obj
 0002:000221b0       ?GetData@CAtlSafeAllocBufferNode@?$CAtlSafeAllocBufferManager@VCCRTAllocator@ATL@@@_ATL_SAFE_ALLOCA_IMPL@ATL@@QAEPAXXZ 100a81b0 f i stdafx.obj
 0002:000221f0       ?AllocateHeap@?$CTempBuffer@D$0IA@VCCRTAllocator@ATL@@@ATL@@AAEXI@Z 100a81f0 f i stdafx.obj
 0002:00022270       ??0CSXButton@@QAE@XZ       100a8270 f   Sxbutton.obj
 0002:00022380       ??_ECSXButton@@UAEPAXI@Z   100a8380 f i Sxbutton.obj
 0002:00022380       ??_GCSXButton@@UAEPAXI@Z   100a8380 f i Sxbutton.obj
 0002:000223f0       ??1CSXButton@@UAE@XZ       100a83f0 f   Sxbutton.obj
 0002:000224c0       ?GetMessageMap@CSXButton@@MBEPBUAFX_MSGMAP@@XZ 100a84c0 f   Sxbutton.obj
 0002:00022500       ?SetIcon@CSXButton@@QAEHIHH@Z 100a8500 f   Sxbutton.obj
 0002:000225d0       ?Redraw@CSXButton@@AAEXXZ  100a85d0 f i Sxbutton.obj
 0002:00022630       ?SetBitmap@CSXButton@@QAEHIHH@Z 100a8630 f   Sxbutton.obj
 0002:000226a0       ?SetMaskedBitmap@CSXButton@@QAEHIHHK@Z 100a86a0 f   Sxbutton.obj
 0002:00022710       ?SetBitmapCommon@CSXButton@@AAEHIHHKH@Z 100a8710 f   Sxbutton.obj
 0002:000228e0       ?SetColorTab@CSXButton@@QAEXK@Z 100a88e0 f   Sxbutton.obj
 0002:00022950       ?SetDefaultButton@CSXButton@@QAEHH@Z 100a8950 f   Sxbutton.obj
 0002:000229f0       ?SetImageOffset@CSXButton@@QAEHH@Z 100a89f0 f   Sxbutton.obj
 0002:00022a70       ?SetTextOffset@CSXButton@@QAEHH@Z 100a8a70 f   Sxbutton.obj
 0002:00022af0       ?SetImagePos@CSXButton@@QAE?AVCPoint@@V2@@Z 100a8af0 f   Sxbutton.obj
 0002:00022bd0       ?SetTextPos@CSXButton@@QAE?AVCPoint@@V2@@Z 100a8bd0 f   Sxbutton.obj
 0002:00022cb0       ?CheckPointForCentering@CSXButton@@AAEXAAVCPoint@@HH@Z 100a8cb0 f   Sxbutton.obj
 0002:00022da0       ?DrawItem@CSXButton@@UAEXPAUtagDRAWITEMSTRUCT@@@Z 100a8da0 f   Sxbutton.obj
 0002:00023750       ?HasImage@CSXButton@@QAEHXZ 100a9750 f i Sxbutton.obj
 0002:000237b0       ??0CVersionInfo@@QAE@XZ    100a97b0 f   VersionInfo.obj
 0002:000238d0       ??_ECVersionInfo@@UAEPAXI@Z 100a98d0 f i VersionInfo.obj
 0002:000238d0       ??_GCVersionInfo@@UAEPAXI@Z 100a98d0 f i VersionInfo.obj
 0002:00023940       ??0CVersionInfo@@QAE@PBD@Z 100a9940 f   VersionInfo.obj
 0002:00023a90       ??1CVersionInfo@@UAE@XZ    100a9a90 f   VersionInfo.obj
 0002:00023b00       ?GetProductName@CVersionInfo@@QBE?AV?$CStringT@DV?$StrTraitMFC@DV?$ChTraitsCRT@D@ATL@@@@@ATL@@XZ 100a9b00 f   VersionInfo.obj
 0002:00023b80       ?GetProductVersion@CVersionInfo@@QBE?AV?$CStringT@DV?$StrTraitMFC@DV?$ChTraitsCRT@D@ATL@@@@@ATL@@XZ 100a9b80 f   VersionInfo.obj
 0002:00023c00       ?GetCompanyName@CVersionInfo@@QBE?AV?$CStringT@DV?$StrTraitMFC@DV?$ChTraitsCRT@D@ATL@@@@@ATL@@XZ 100a9c00 f   VersionInfo.obj
 0002:00023c80       ?GetCopyright@CVersionInfo@@QBE?AV?$CStringT@DV?$StrTraitMFC@DV?$ChTraitsCRT@D@ATL@@@@@ATL@@XZ 100a9c80 f   VersionInfo.obj
 0002:00023d00       ?GetComments@CVersionInfo@@QBE?AV?$CStringT@DV?$StrTraitMFC@DV?$ChTraitsCRT@D@ATL@@@@@ATL@@XZ 100a9d00 f   VersionInfo.obj
 0002:00023d80       ?GetFileDescription@CVersionInfo@@QBE?AV?$CStringT@DV?$StrTraitMFC@DV?$ChTraitsCRT@D@ATL@@@@@ATL@@XZ 100a9d80 f   VersionInfo.obj
 0002:00023e00       ?GetFileVersion@CVersionInfo@@QBE?AV?$CStringT@DV?$StrTraitMFC@DV?$ChTraitsCRT@D@ATL@@@@@ATL@@XZ 100a9e00 f   VersionInfo.obj
 0002:00023e80       ?GetInternalName@CVersionInfo@@QBE?AV?$CStringT@DV?$StrTraitMFC@DV?$ChTraitsCRT@D@ATL@@@@@ATL@@XZ 100a9e80 f   VersionInfo.obj
 0002:00023f00       ?GetLegalTrademarks@CVersionInfo@@QBE?AV?$CStringT@DV?$StrTraitMFC@DV?$ChTraitsCRT@D@ATL@@@@@ATL@@XZ 100a9f00 f   VersionInfo.obj
 0002:00023f80       ?GetPrivateBuild@CVersionInfo@@QBE?AV?$CStringT@DV?$StrTraitMFC@DV?$ChTraitsCRT@D@ATL@@@@@ATL@@XZ 100a9f80 f   VersionInfo.obj
 0002:00024000       ?GetSpecialBuild@CVersionInfo@@QBE?AV?$CStringT@DV?$StrTraitMFC@DV?$ChTraitsCRT@D@ATL@@@@@ATL@@XZ 100aa000 f   VersionInfo.obj
 0002:00024080       ?InitVer@CVersionInfo@@AAEXPBD@Z 100aa080 f   VersionInfo.obj
 0002:00024210       ?GetValue@CVersionInfo@@ABE?AV?$CStringT@DV?$StrTraitMFC@DV?$ChTraitsCRT@D@ATL@@@@@ATL@@PBD@Z 100aa210 f   VersionInfo.obj
 0002:000243e0       ??Y?$CStringT@DV?$StrTraitMFC@DV?$ChTraitsCRT@D@ATL@@@@@ATL@@QAEAAV01@PBD@Z 100aa3e0 f i VersionInfo.obj
 0002:00024440       ??Y?$CSimpleStringT@D$0A@@ATL@@QAEAAV01@PBD@Z 100aa440 f i VersionInfo.obj
 0002:000244a0       ?Append@?$CSimpleStringT@D$0A@@ATL@@QAEXPBD@Z 100aa4a0 f i VersionInfo.obj
 0002:00024510       ?ReleaseBuffer@?$CSimpleStringT@D$0A@@ATL@@QAEXH@Z 100aa510 f i VersionInfo.obj
 0002:00024590       _DllMain@12                100aa590 f   nafxcwd:dllmodul.obj
 0002:00024720       _RawDllMain@12             100aa720 f   nafxcwd:dllmodul.obj
 0002:00024730       ?AfxTermDllState@@YAXXZ    100aa730 f   nafxcwd:dllmodul.obj
 0002:000247c0       _IsPlatformNT              100aa7c0 f   nafxcwd:wincore.obj
 0002:00024820       _InitMultipleMonitorStubs  100aa820 f   nafxcwd:wincore.obj
 0002:000249a0       _xGetSystemMetrics@4       100aa9a0 f   nafxcwd:wincore.obj
 0002:00024a20       _xMonitorFromPoint@12      100aaa20 f   nafxcwd:wincore.obj
 0002:00024a80       _xMonitorFromRect@8        100aaa80 f   nafxcwd:wincore.obj
 0002:00024af0       _xMonitorFromWindow@8      100aaaf0 f   nafxcwd:wincore.obj
 0002:00024b70       _xGetMonitorInfo@8         100aab70 f   nafxcwd:wincore.obj
 0002:00024c60       _xEnumDisplayMonitors@16   100aac60 f   nafxcwd:wincore.obj
 0002:00024d90       _xEnumDisplayDevices@16    100aad90 f   nafxcwd:wincore.obj
 0002:00024e20       ?AtlIAccessibleInvokeHelper@ATL@@YGJPAUIAccessible@@JABU_GUID@@KGPAUtagDISPPARAMS@@PAUtagVARIANT@@PAUtagEXCEPINFO@@PAI@Z 100aae20 f   nafxcwd:wincore.obj
 0002:00025c40       ?AtlIAccessibleGetIDsOfNamesHelper@ATL@@YGJABU_GUID@@PAPA_WIKPAJ@Z 100abc40 f   nafxcwd:wincore.obj
 0002:00026210       __tcscmp                   100ac210 f i nafxcwd:wincore.obj
 0002:00026230       ??1CNoTrackObject@@UAE@XZ  100ac230 f i nafxcwd:wincore.obj
 0002:00026250       ?GetNextWindow@@YAPAUHWND__@@PAU1@I@Z 100ac250 f i nafxcwd:wincore.obj
 0002:00026270       ?UnlockResource@@YGHPAX@Z  100ac270 f i nafxcwd:wincore.obj
 0002:00026280       ?A2T@@YAPADPAD@Z           100ac280 f i nafxcwd:wincore.obj
 0002:00026290       ?SetWindowLongPtrA@@YAJPAUHWND__@@HJ@Z 100ac290 f i nafxcwd:wincore.obj
 0002:000262b0       ?GetWindowLongPtrA@@YAJPAUHWND__@@H@Z 100ac2b0 f i nafxcwd:wincore.obj
 0002:000262d0       ?LookupPermanent@CHandleMap@@QAEPAVCObject@@PAX@Z 100ac2d0 f i nafxcwd:wincore.obj
 0002:00026300       ?LookupTemporary@CHandleMap@@QAEPAVCObject@@PAX@Z 100ac300 f i nafxcwd:wincore.obj
 0002:00026330       ??0CAccessibleProxy@ATL@@QAE@XZ 100ac330 f i nafxcwd:wincore.obj
 0002:00026370       ??1CAccessibleProxy@ATL@@UAE@XZ 100ac370 f i nafxcwd:wincore.obj
 0002:00026380       ?GetWindow@CAccessibleProxy@ATL@@UAGJPAPAUHWND__@@@Z 100ac380 f i nafxcwd:wincore.obj
 0002:00026390       ?ContextSensitiveHelp@CAccessibleProxy@ATL@@UAGJH@Z 100ac390 f i nafxcwd:wincore.obj
 0002:000263a0       ??0?$CComObjectRootEx@VCComSingleThreadModel@ATL@@@ATL@@QAE@XZ 100ac3a0 f i nafxcwd:wincore.obj
 0002:000263c0       ??0IOleWindow@@QAE@XZ      100ac3c0 f i nafxcwd:wincore.obj
 0002:000263e0       ??0IUnknown@@QAE@XZ        100ac3e0 f i nafxcwd:wincore.obj
 0002:00026400       ?_InternalQueryInterface@CAccessibleProxy@ATL@@QAEJABU_GUID@@PAPAX@Z 100ac400 f i nafxcwd:wincore.obj
 0002:00026430       ?_GetEntries@CAccessibleProxy@ATL@@SGPBU_ATL_INTMAP_ENTRY@2@XZ 100ac430 f i nafxcwd:wincore.obj
 0002:00026440       ?FinalRelease@CAccessibleProxy@ATL@@QAEJXZ 100ac440 f i nafxcwd:wincore.obj
 0002:00026480       ??0CComObjectRootBase@ATL@@QAE@XZ 100ac480 f i nafxcwd:wincore.obj
 0002:000264a0       ?FinalConstruct@CComObjectRootBase@ATL@@QAEJXZ 100ac4a0 f i nafxcwd:wincore.obj
 0002:000264b0       ?_AtlFinalConstruct@CComObjectRootBase@ATL@@QAEJXZ 100ac4b0 f i nafxcwd:wincore.obj
 0002:000264c0       ?InternalQueryInterface@CComObjectRootBase@ATL@@SGJPAXPBU_ATL_INTMAP_ENTRY@2@ABU_GUID@@PAPAX@Z 100ac4c0 f i nafxcwd:wincore.obj
 0002:00026590       ?SetVoid@CComObjectRootBase@ATL@@QAEXPAX@Z 100ac590 f i nafxcwd:wincore.obj
 0002:000265a0       ?InternalFinalConstructAddRef@CComObjectRootBase@ATL@@QAEXXZ 100ac5a0 f i nafxcwd:wincore.obj
 0002:000265b0       ?InternalFinalConstructRelease@CComObjectRootBase@ATL@@QAEXXZ 100ac5b0 f i nafxcwd:wincore.obj
 0002:00026600       ?InternalAddRef@?$CComObjectRootEx@VCComSingleThreadModel@ATL@@@ATL@@QAEKXZ 100ac600 f i nafxcwd:wincore.obj
 0002:00026650       ?Increment@CComSingleThreadModel@ATL@@SGKPAJ@Z 100ac650 f i nafxcwd:wincore.obj
 0002:00026670       ?InternalRelease@?$CComObjectRootEx@VCComSingleThreadModel@ATL@@@ATL@@QAEKXZ 100ac670 f i nafxcwd:wincore.obj
 0002:000266d0       ?Decrement@CComSingleThreadModel@ATL@@SGKPAJ@Z 100ac6d0 f i nafxcwd:wincore.obj
 0002:000266f0       ?GetBufferSetLength@?$CSimpleStringT@D$0A@@ATL@@QAEPADH@Z 100ac6f0 f i nafxcwd:wincore.obj
 0002:00026730       _IsEqualGUID               100ac730 f i nafxcwd:cmdtarg.obj
 0002:00026760       ?DrawState@@YGHPAUHDC__@@PAUHBRUSH__@@P6GH0JIHH@ZJIHHHHI@Z 100ac760 f i nafxcwd:afxinl2.obj
 0002:000267b0       ??2@YAPAXIPAX@Z            100ac7b0 f i nafxcwd:list_s.obj
 0002:000267c0       ??4?$CStringT@DV?$StrTraitMFC@DV?$ChTraitsCRT@D@ATL@@@@@ATL@@QAEAAV01@PB_W@Z 100ac7c0 f i nafxcwd:list_s.obj
 0002:00026860       ??1?$CTempBuffer@_W$0IA@VCCRTAllocator@ATL@@@ATL@@QAE@XZ 100ac860 f i nafxcwd:list_s.obj
 0002:00026890       ??B?$CTempBuffer@_W$0IA@VCCRTAllocator@ATL@@@ATL@@QBEPA_WXZ 100ac890 f i nafxcwd:list_s.obj
 0002:000268b0       ?Allocate@?$CTempBuffer@_W$0IA@VCCRTAllocator@ATL@@@ATL@@QAEPA_WI@Z 100ac8b0 f i nafxcwd:list_s.obj
 0002:000268e0       ?GetBaseTypeLength@?$ChTraitsCRT@D@ATL@@SAHPB_W@Z 100ac8e0 f i nafxcwd:list_s.obj
 0002:00026910       ?AllocateBytes@?$CTempBuffer@_W$0IA@VCCRTAllocator@ATL@@@ATL@@QAEPA_WI@Z 100ac910 f i nafxcwd:list_s.obj
 0002:00026990       ?FreeHeap@?$CTempBuffer@_W$0IA@VCCRTAllocator@ATL@@@ATL@@AAEXXZ 100ac990 f i nafxcwd:list_s.obj
 0002:000269b0       ?AllocateHeap@?$CTempBuffer@_W$0IA@VCCRTAllocator@ATL@@@ATL@@AAEXI@Z 100ac9b0 f i nafxcwd:list_s.obj
 0002:00026a00       ??0AFX_CLASSINIT@@QAE@PAUCRuntimeClass@@@Z 100aca00 f i nafxcwd:list_s.obj
 0002:00026a20       __tcschr                   100aca20 f i nafxcwd:winstr.obj
 0002:00026a40       ?GetBaseTypeLength@?$ChTraitsCRT@_W@ATL@@SAHPBD@Z 100aca40 f i nafxcwd:strcore.obj
 0002:00026a70       ?ConvertToBaseType@?$ChTraitsCRT@_W@ATL@@SAXPA_WHPBDH@Z 100aca70 f i nafxcwd:strcore.obj
 0002:00026aa0       ??0CComBSTR@ATL@@QAE@ABV01@@Z 100acaa0 f i nafxcwd:strcore.obj
 0002:00026af0       ??1CComBSTR@ATL@@QAE@XZ    100acaf0 f i nafxcwd:strcore.obj
 0002:00026b10       ?Length@CComBSTR@ATL@@QBEIXZ 100acb10 f i nafxcwd:strcore.obj
 0002:00026b50       ?Copy@CComBSTR@ATL@@QBEPA_WXZ 100acb50 f i nafxcwd:strcore.obj
 0002:00026b90       ??7CComBSTR@ATL@@QBE_NXZ   100acb90 f i nafxcwd:strcore.obj
 0002:00026bb0       ??0CNilStringData@ATL@@QAE@XZ 100acbb0 f i nafxcwd:strcore.obj
 0002:00026c10       ?SetManager@CNilStringData@ATL@@QAEXPAUIAtlStringMgr@2@@Z 100acc10 f i nafxcwd:strcore.obj
 0002:00026c60       ?ocslen@@YAHPB_W@Z         100acc60 f i nafxcwd:olemisc.obj
 0002:00026c80       ?ocscpy@@YAPA_WPA_WPB_W@Z  100acc80 f i nafxcwd:olemisc.obj
 0002:00026cb0       ?AtlDevModeA2W@@YAPAU_devicemodeW@@PAU1@PBU_devicemodeA@@@Z 100accb0 f i nafxcwd:olemisc.obj
 0002:00026e60       ?AtlDevModeW2A@@YGPAU_devicemodeA@@PAU1@PBU_devicemodeW@@@Z 100ace60 f i nafxcwd:olemisc.obj
 0002:00026fd0       ??Y?$CStringT@DV?$StrTraitMFC@DV?$ChTraitsCRT@D@ATL@@@@@ATL@@QAEAAV01@D@Z 100acfd0 f i nafxcwd:olemisc.obj
 0002:00027000       ??Y?$CSimpleStringT@D$0A@@ATL@@QAEAAV01@D@Z 100ad000 f i nafxcwd:olemisc.obj
 0002:00027030       ?AppendChar@?$CSimpleStringT@D$0A@@ATL@@QAEXD@Z 100ad030 f i nafxcwd:olemisc.obj
 0002:00027090       ?GetHead@CSimpleList@@QBEPAXXZ 100ad090 f i nafxcwd:thrdcore.obj
 0002:000270b0       ??_9@$BBFE@AE              100ad0b0 f i nafxcwd:dlgcore.obj
 0002:000270c0       ??_9@$BBFI@AE              100ad0c0 f i nafxcwd:dlgcore.obj
 0002:000270d0       ?T2CA@@YAPBDPBD@Z          100ad0d0 f i nafxcwd:appcore.obj
 0002:000270e0       ?SetResourceInstance@CAtlBaseModule@ATL@@QAEPAUHINSTANCE__@@PAU3@@Z 100ad0e0 f i nafxcwd:appcore.obj
 0002:00027110       ?GetSize@CRecentFileList@@QBEHXZ 100ad110 f i nafxcwd:appcore.obj
 0002:00027130       ??ACRecentFileList@@QAEAAV?$CStringT@DV?$StrTraitMFC@DV?$ChTraitsCRT@D@ATL@@@@@ATL@@H@Z 100ad130 f i nafxcwd:appcore.obj
 0002:00027180       ?GetBuffer@?$CSimpleStringT@D$0A@@ATL@@QAEPADXZ 100ad180 f i nafxcwd:appui2.obj
 0002:000271d0       _!=                        100ad1d0 f i nafxcwd:olefact.obj
 0002:000271f0       _==                        100ad1f0 f i nafxcwd:olefact.obj
 0002:00027210       ??3@YAXPAX0@Z              100ad210 f i nafxcwd:afxtls.obj
 0002:00027220       ??0CSimpleList@@QAE@H@Z    100ad220 f i nafxcwd:afxtls.obj
 0002:00027250       ?Construct@CSimpleList@@QAEXH@Z 100ad250 f i nafxcwd:afxtls.obj
 0002:00027290       ?GetNextPtr@CSimpleList@@QBEPAPAXPAX@Z 100ad290 f i nafxcwd:afxtls.obj
 0002:000272d0       ??2CThreadSlotData@@SGPAXIPAX@Z 100ad2d0 f i nafxcwd:afxtls.obj
 0002:000272e0       ?GetAllocSize@CFixedAllocNoSync@@QAEIXZ 100ad2e0 f i nafxcwd:winhand.obj
 0002:00027300       ??_GCHandleMap@@UAEPAXI@Z  100ad300 f i nafxcwd:winhand.obj
 0002:00027300       ??_ECHandleMap@@UAEPAXI@Z  100ad300 f i nafxcwd:winhand.obj
 0002:00027340       ??1CHandleMap@@UAE@XZ      100ad340 f i nafxcwd:winhand.obj
 0002:000273d0       ??0CTraceCategory@ATL@@QAE@PBDI@Z 100ad3d0 f i nafxcwd:appinit.obj
 0002:00027430       ?ChangeCategory@CTrace@ATL@@QAE_NKIW4ATLTRACESTATUS@2@@Z 100ad430 f i nafxcwd:appinit.obj
 0002:00027460       ?RegisterCategory@CTrace@ATL@@QAEKPBD@Z 100ad460 f i nafxcwd:appinit.obj
 0002:00027490       ??0CTypeLibCache@@QAE@XZ   100ad490 f i nafxcwd:afxstate.obj
 0002:000274e0       ??_Estringdispid@CComTypeInfoHolder@ATL@@QAEPAXI@Z 100ad4e0 f i nafxcwd:objcore.obj
 0002:00027570       ??1stringdispid@CComTypeInfoHolder@ATL@@QAE@XZ 100ad570 f i nafxcwd:objcore.obj
 0002:00027590       ??0CAtlWinModule@ATL@@QAE@XZ 100ad590 f i nafxcwd:objcore.obj
 0002:000275e0       ??0_ATL_WIN_MODULE70@ATL@@QAE@XZ 100ad5e0 f i nafxcwd:objcore.obj
 0002:00027610       ??0CComCriticalSection@ATL@@QAE@XZ 100ad610 f i nafxcwd:objcore.obj
 0002:00027640       ??0?$CSimpleArray@GV?$CSimpleArrayEqualHelper@G@ATL@@@ATL@@QAE@XZ 100ad640 f i nafxcwd:objcore.obj
 0002:00027680       ??1CAtlWinModule@ATL@@QAE@XZ 100ad680 f i nafxcwd:objcore.obj
 0002:000276e0       ?Term@CAtlWinModule@ATL@@QAEXXZ 100ad6e0 f i nafxcwd:objcore.obj
 0002:00027710       ?GetModuleInstance@CAtlBaseModule@ATL@@QAEPAUHINSTANCE__@@XZ 100ad710 f i nafxcwd:objcore.obj
 0002:00027730       ??1_ATL_WIN_MODULE70@ATL@@QAE@XZ 100ad730 f i nafxcwd:objcore.obj
 0002:00027750       ?AtlWinModuleTerm@ATL@@YGJPAU_ATL_WIN_MODULE70@1@PAUHINSTANCE__@@@Z 100ad750 f i nafxcwd:objcore.obj
 0002:00027810       ?Term@CComCriticalSection@ATL@@QAEJXZ 100ad810 f i nafxcwd:objcore.obj
 0002:00027830       ??1?$CSimpleArray@GV?$CSimpleArrayEqualHelper@G@ATL@@@ATL@@QAE@XZ 100ad830 f i nafxcwd:objcore.obj
 0002:00027850       ?GetSize@?$CSimpleArray@GV?$CSimpleArrayEqualHelper@G@ATL@@@ATL@@QBEHXZ 100ad850 f i nafxcwd:objcore.obj
 0002:00027870       ?RemoveAll@?$CSimpleArray@GV?$CSimpleArrayEqualHelper@G@ATL@@@ATL@@QAEXXZ 100ad870 f i nafxcwd:objcore.obj
 0002:000278f0       ??A?$CSimpleArray@GV?$CSimpleArrayEqualHelper@G@ATL@@@ATL@@QAEAAGH@Z 100ad8f0 f i nafxcwd:objcore.obj
 0002:00027970       ?_AtlRaiseException@ATL@@YAXKK@Z 100ad970 f i nafxcwd:objcore.obj
 0002:00027990       ?_wcstombsz@ATL@@YAHPADPB_WK@Z 100ad990 f i nafxcwd:dumpcont.obj
 0002:00027a20       ?AtlGetCommCtrlVersion@ATL@@YAJPAK0@Z 100ada20 f i nafxcwd:winctrl3.obj
 0002:00027b00       ?AtlGetDllVersion@ATL@@YAJPBDPAU_DLLVERSIONINFO@@@Z 100adb00 f i nafxcwd:winctrl3.obj
 0002:00027b60       ?AtlHresultFromLastError@ATL@@YAJXZ 100adb60 f i nafxcwd:winctrl3.obj
 0002:00027bb0       ?AtlGetDllVersion@ATL@@YAJPAUHINSTANCE__@@PAU_DLLVERSIONINFO@@@Z 100adbb0 f i nafxcwd:winctrl3.obj
 0002:00027c30       ?AtlIsValidString@ATL@@YAHPB_WI@Z 100adc30 f i nafxcwd:validadd.obj
 0002:00027d20       ?AtlIsValidAddress@ATL@@YAHPBXIH@Z 100add20 f i nafxcwd:validadd.obj
 0002:00027d80       ??0CAssoc@CMapStringToString@@QAE@PBD@Z 100add80 f i nafxcwd:map_ss.obj
 0002:00027db0       ??0CPair@CMapStringToString@@IAE@PBD@Z 100addb0 f i nafxcwd:map_ss.obj
 0002:00027de0       ??1CPair@CMapStringToString@@QAE@XZ 100adde0 f i nafxcwd:map_ss.obj
 0002:00027e10       __tcsrchr                  100ade10 f i nafxcwd:dlgfile.obj
 0002:00027e30       __tcsinc                   100ade30 f i nafxcwd:dlgfile.obj
 0002:00027e50       ??1CCommonDialog@@UAE@XZ   100ade50 f i nafxcwd:dlgfile.obj
 0002:00027e80       ?AfxCheckError@@YGXJ@Z     100ade80 f   nafxcwd:olevar.obj
 0002:00027eb0       ?_AfxCompareSafeArrays@@YGHPAUtagSAFEARRAY@@0@Z 100adeb0 f   nafxcwd:olevar.obj
 0002:00028300       ?_AfxCreateOneDimArray@@YGXAAUtagVARIANT@@K@Z 100ae300 f   nafxcwd:olevar.obj
 0002:00028420       ?_AfxCopyBinaryData@@YGXPAUtagSAFEARRAY@@PBXK@Z 100ae420 f   nafxcwd:olevar.obj
 0002:00028470       ??0COleVariant@@QAE@ABUtagVARIANT@@@Z 100ae470 f   nafxcwd:olevar.obj
 0002:000284a0       ??0COleVariant@@QAE@PBUtagVARIANT@@@Z 100ae4a0 f   nafxcwd:olevar.obj
 0002:000284d0       ??0COleVariant@@QAE@ABV0@@Z 100ae4d0 f   nafxcwd:olevar.obj
 0002:00028500       ??0COleVariant@@QAE@PBDG@Z 100ae500 f   nafxcwd:olevar.obj
 0002:00028610       ?SetString@COleVariant@@QAEXPBDG@Z 100ae610 f   nafxcwd:olevar.obj
 0002:00028730       ??0COleVariant@@QAE@FG@Z   100ae730 f   nafxcwd:olevar.obj
 0002:000287b0       ??0COleVariant@@QAE@JG@Z   100ae7b0 f   nafxcwd:olevar.obj
 0002:000288f0       ?ChangeType@COleVariant@@QAEXGPAUtagVARIANT@@@Z 100ae8f0 f   nafxcwd:olevar.obj
 0002:00028940       ?Attach@COleVariant@@QAEXAAUtagVARIANT@@@Z 100ae940 f   nafxcwd:olevar.obj
 0002:00028970       ?Detach@COleVariant@@QAE?AUtagVARIANT@@XZ 100ae970 f   nafxcwd:olevar.obj
 0002:000289c0       ?GetByteArrayFromVariantArray@COleVariant@@QAEXAAVCByteArray@@@Z 100ae9c0 f   nafxcwd:olevar.obj
 0002:00028ae0       ??8COleVariant@@QBEHABUtagVARIANT@@@Z 100aeae0 f   nafxcwd:olevar.obj
 0002:00028e60       ??4COleVariant@@QAEABV0@ABUtagVARIANT@@@Z 100aee60 f   nafxcwd:olevar.obj
 0002:00028e90       ??4COleVariant@@QAEABV0@PBUtagVARIANT@@@Z 100aee90 f   nafxcwd:olevar.obj
 0002:00028ec0       ??4COleVariant@@QAEABV0@ABV0@@Z 100aeec0 f   nafxcwd:olevar.obj
 0002:00028ef0       ??4COleVariant@@QAEABV0@QBD@Z 100aeef0 f   nafxcwd:olevar.obj
 0002:00028fc0       ??4COleVariant@@QAEABV0@ABV?$CStringT@DV?$StrTraitMFC@DV?$ChTraitsCRT@D@ATL@@@@@ATL@@@Z 100aefc0 f   nafxcwd:olevar.obj
 0002:00029080       ??4COleVariant@@QAEABV0@E@Z 100af080 f   nafxcwd:olevar.obj
 0002:000290c0       ??4COleVariant@@QAEABV0@F@Z 100af0c0 f   nafxcwd:olevar.obj
 0002:00029130       ??4COleVariant@@QAEABV0@J@Z 100af130 f   nafxcwd:olevar.obj
 0002:000291b0       ??4COleVariant@@QAEABV0@ABVCOleCurrency@@@Z 100af1b0 f   nafxcwd:olevar.obj
 0002:000291f0       ??4COleVariant@@QAEABV0@M@Z 100af1f0 f   nafxcwd:olevar.obj
 0002:00029230       ??4COleVariant@@QAEABV0@N@Z 100af230 f   nafxcwd:olevar.obj
 0002:00029270       ??4COleVariant@@QAEABV0@ABVCOleDateTime@ATL@@@Z 100af270 f   nafxcwd:olevar.obj
 0002:000292b0       ??4COleVariant@@QAEABV0@ABVCByteArray@@@Z 100af2b0 f   nafxcwd:olevar.obj
 0002:00029310       ??4COleVariant@@QAEABV0@ABVCLongBinary@@@Z 100af310 f   nafxcwd:olevar.obj
 0002:00029380       ?AfxVariantInit@@YGXPAUtagVARIANT@@@Z 100af380 f   nafxcwd:olevar.obj
 0002:000293a0       ??6@YGAAVCDumpContext@@AAV0@VCOleVariant@@@Z 100af3a0 f   nafxcwd:olevar.obj
 0002:000298b0       ??6@YGAAVCArchive@@AAV0@VCOleVariant@@@Z 100af8b0 f   nafxcwd:olevar.obj
 0002:00029e20       ??5@YGAAVCArchive@@AAV0@AAVCOleVariant@@@Z 100afe20 f   nafxcwd:olevar.obj
 0002:0002a280       ??6@YGAAVCArchive@@AAV0@VCComBSTR@ATL@@@Z 100b0280 f   nafxcwd:olevar.obj
 0002:0002a300       ??5@YGAAVCArchive@@AAV0@AAVCComBSTR@ATL@@@Z 100b0300 f   nafxcwd:olevar.obj
 0002:0002a370       ??$CopyElements@VCOleVariant@@@@YGXPAVCOleVariant@@PBV0@H@Z 100b0370 f   nafxcwd:olevar.obj
 0002:0002a410       ??$SerializeElements@VCOleVariant@@@@YGXAAVCArchive@@PAVCOleVariant@@H@Z 100b0410 f   nafxcwd:olevar.obj
 0002:0002a4c0       ??$DumpElements@VCOleVariant@@@@YGXAAVCDumpContext@@PBVCOleVariant@@H@Z 100b04c0 f   nafxcwd:olevar.obj
 0002:0002a510       ??$HashKey@ABUtagVARIANT@@@@YGIABUtagVARIANT@@@Z 100b0510 f   nafxcwd:olevar.obj
 0002:0002a630       ??0COleCurrency@@QAE@JJ@Z  100b0630 f   nafxcwd:olevar.obj
 0002:0002a660       ??4COleCurrency@@QAEABV0@TtagCY@@@Z 100b0660 f   nafxcwd:olevar.obj
 0002:0002a690       ??4COleCurrency@@QAEABV0@ABV0@@Z 100b0690 f   nafxcwd:olevar.obj
 0002:0002a6c0       ??4COleCurrency@@QAEABV0@ABUtagVARIANT@@@Z 100b06c0 f   nafxcwd:olevar.obj
 0002:0002a7d0       ??MCOleCurrency@@QBEHABV0@@Z 100b07d0 f   nafxcwd:olevar.obj
 0002:0002a860       ??OCOleCurrency@@QBEHABV0@@Z 100b0860 f   nafxcwd:olevar.obj
 0002:0002a8f0       ??NCOleCurrency@@QBEHABV0@@Z 100b08f0 f   nafxcwd:olevar.obj
 0002:0002a980       ??PCOleCurrency@@QBEHABV0@@Z 100b0980 f   nafxcwd:olevar.obj
 0002:0002aa10       ??HCOleCurrency@@QBE?AV0@ABV0@@Z 100b0a10 f   nafxcwd:olevar.obj
 0002:0002aaf0       ??GCOleCurrency@@QBE?AV0@ABV0@@Z 100b0af0 f   nafxcwd:olevar.obj
 0002:0002abd0       ??GCOleCurrency@@QBE?AV0@XZ 100b0bd0 f   nafxcwd:olevar.obj
 0002:0002ac60       ??DCOleCurrency@@QBE?AV0@J@Z 100b0c60 f   nafxcwd:olevar.obj
 0002:0002ae60       ??KCOleCurrency@@QBE?AV0@J@Z 100b0e60 f   nafxcwd:olevar.obj
 0002:0002af50       ?SetCurrency@COleCurrency@@QAEXJJ@Z 100b0f50 f   nafxcwd:olevar.obj
 0002:0002b000       ?ParseCurrency@COleCurrency@@QAEHPBDKK@Z 100b1000 f   nafxcwd:olevar.obj
 0002:0002b1c0       ?Format@COleCurrency@@QBE?AV?$CStringT@DV?$StrTraitMFC@DV?$ChTraitsCRT@D@ATL@@@@@ATL@@KK@Z 100b11c0 f   nafxcwd:olevar.obj
 0002:0002b370       ??6@YGAAVCDumpContext@@AAV0@VCOleCurrency@@@Z 100b1370 f   nafxcwd:olevar.obj
 0002:0002b410       ??6@YGAAVCArchive@@AAV0@VCOleCurrency@@@Z 100b1410 f   nafxcwd:olevar.obj
 0002:0002b440       ??5@YGAAVCArchive@@AAV0@AAVCOleCurrency@@@Z 100b1440 f   nafxcwd:olevar.obj
 0002:0002b480       ??6@YGAAVCDumpContext@@AAV0@VCOleDateTime@ATL@@@Z 100b1480 f   nafxcwd:olevar.obj
 0002:0002b520       ??6@YGAAVCArchive@@AAV0@VCOleDateTime@ATL@@@Z 100b1520 f   nafxcwd:olevar.obj
 0002:0002b550       ??5@YGAAVCArchive@@AAV0@AAVCOleDateTime@ATL@@@Z 100b1550 f   nafxcwd:olevar.obj
 0002:0002b580       ??6@YGAAVCDumpContext@@AAV0@VCOleDateTimeSpan@ATL@@@Z 100b1580 f   nafxcwd:olevar.obj
 0002:0002b630       ??6@YGAAVCArchive@@AAV0@VCOleDateTimeSpan@ATL@@@Z 100b1630 f   nafxcwd:olevar.obj
 0002:0002b660       ??5@YGAAVCArchive@@AAV0@AAVCOleDateTimeSpan@ATL@@@Z 100b1660 f   nafxcwd:olevar.obj
 0002:0002b690       ??0COleSafeArray@@QAE@ABUtagSAFEARRAY@@G@Z 100b1690 f   nafxcwd:olevar.obj
 0002:0002b6f0       ??0COleSafeArray@@QAE@PBUtagSAFEARRAY@@G@Z 100b16f0 f   nafxcwd:olevar.obj
 0002:0002b750       ??0COleSafeArray@@QAE@ABV0@@Z 100b1750 f   nafxcwd:olevar.obj
 0002:0002b7a0       ??0COleSafeArray@@QAE@ABUtagVARIANT@@@Z 100b17a0 f   nafxcwd:olevar.obj
 0002:0002b7f0       ??0COleSafeArray@@QAE@ABVCOleVariant@@@Z 100b17f0 f   nafxcwd:olevar.obj
 0002:0002b840       ??0COleSafeArray@@QAE@PBUtagVARIANT@@@Z 100b1840 f   nafxcwd:olevar.obj
 0002:0002b890       ?Attach@COleSafeArray@@QAEXAAUtagVARIANT@@@Z 100b1890 f   nafxcwd:olevar.obj
 0002:0002b900       ?Detach@COleSafeArray@@QAE?AUtagVARIANT@@XZ 100b1900 f   nafxcwd:olevar.obj
 0002:0002b950       ?GetByteArray@COleSafeArray@@QAEXAAVCByteArray@@@Z 100b1950 f   nafxcwd:olevar.obj
 0002:0002ba70       ??4COleSafeArray@@QAEAAV0@ABV0@@Z 100b1a70 f   nafxcwd:olevar.obj
 0002:0002bad0       ??4COleSafeArray@@QAEAAV0@ABUtagVARIANT@@@Z 100b1ad0 f   nafxcwd:olevar.obj
 0002:0002bb30       ??4COleSafeArray@@QAEAAV0@PBUtagVARIANT@@@Z 100b1b30 f   nafxcwd:olevar.obj
 0002:0002bb90       ??4COleSafeArray@@QAEAAV0@ABVCOleVariant@@@Z 100b1b90 f   nafxcwd:olevar.obj
 0002:0002bbf0       ??8COleSafeArray@@QBEHABUtagSAFEARRAY@@@Z 100b1bf0 f   nafxcwd:olevar.obj
 0002:0002bc10       ??8COleSafeArray@@QBEHPBUtagSAFEARRAY@@@Z 100b1c10 f   nafxcwd:olevar.obj
 0002:0002bc30       ??8COleSafeArray@@QBEHABV0@@Z 100b1c30 f   nafxcwd:olevar.obj
 0002:0002bc70       ??8COleSafeArray@@QBEHABUtagVARIANT@@@Z 100b1c70 f   nafxcwd:olevar.obj
 0002:0002bcb0       ??8COleSafeArray@@QBEHPBUtagVARIANT@@@Z 100b1cb0 f   nafxcwd:olevar.obj
 0002:0002bcf0       ??8COleSafeArray@@QBEHABVCOleVariant@@@Z 100b1cf0 f   nafxcwd:olevar.obj
 0002:0002bd30       ?_AfxDumpSafeArrayElement@@YAXAAVCDumpContext@@AAVCOleSafeArray@@PAJ@Z 100b1d30 f   nafxcwd:olevar.obj
 0002:0002c010       ??6@YGAAVCDumpContext@@AAV0@AAVCOleSafeArray@@@Z 100b2010 f   nafxcwd:olevar.obj
 0002:0002c290       ?CreateOneDim@COleSafeArray@@QAEXGKPBXJ@Z 100b2290 f   nafxcwd:olevar.obj
 0002:0002c320       ?GetOneDimSize@COleSafeArray@@QAEKXZ 100b2320 f   nafxcwd:olevar.obj
 0002:0002c380       ?ResizeOneDim@COleSafeArray@@QAEXK@Z 100b2380 f   nafxcwd:olevar.obj
 0002:0002c3e0       ?Create@COleSafeArray@@QAEXGKPAK@Z 100b23e0 f   nafxcwd:olevar.obj
 0002:0002c510       ?Create@COleSafeArray@@QAEXGKPAUtagSAFEARRAYBOUND@@@Z 100b2510 f   nafxcwd:olevar.obj
 0002:0002c690       ?AccessData@COleSafeArray@@QAEXPAPAX@Z 100b2690 f   nafxcwd:olevar.obj
 0002:0002c6c0       ?UnaccessData@COleSafeArray@@QAEXXZ 100b26c0 f   nafxcwd:olevar.obj
 0002:0002c6e0       ?AllocData@COleSafeArray@@QAEXXZ 100b26e0 f   nafxcwd:olevar.obj
 0002:0002c700       ?AllocDescriptor@COleSafeArray@@QAEXK@Z 100b2700 f   nafxcwd:olevar.obj
 0002:0002c730       ?Copy@COleSafeArray@@QAEXPAPAUtagSAFEARRAY@@@Z 100b2730 f   nafxcwd:olevar.obj
 0002:0002c760       ?GetLBound@COleSafeArray@@QAEXKPAJ@Z 100b2760 f   nafxcwd:olevar.obj
 0002:0002c790       ?GetUBound@COleSafeArray@@QAEXKPAJ@Z 100b2790 f   nafxcwd:olevar.obj
 0002:0002c7c0       ?GetElement@COleSafeArray@@QAEXPAJPAX@Z 100b27c0 f   nafxcwd:olevar.obj
 0002:0002c7f0       ?PtrOfIndex@COleSafeArray@@QAEXPAJPAPAX@Z 100b27f0 f   nafxcwd:olevar.obj
 0002:0002c820       ?PutElement@COleSafeArray@@QAEXPAJPAX@Z 100b2820 f   nafxcwd:olevar.obj
 0002:0002c850       ?Redim@COleSafeArray@@QAEXPAUtagSAFEARRAYBOUND@@@Z 100b2850 f   nafxcwd:olevar.obj
 0002:0002c880       ?Lock@COleSafeArray@@QAEXXZ 100b2880 f   nafxcwd:olevar.obj
 0002:0002c8a0       ?Unlock@COleSafeArray@@QAEXXZ 100b28a0 f   nafxcwd:olevar.obj
 0002:0002c8c0       ?Destroy@COleSafeArray@@QAEXXZ 100b28c0 f   nafxcwd:olevar.obj
 0002:0002c8e0       ?DestroyData@COleSafeArray@@QAEXXZ 100b28e0 f   nafxcwd:olevar.obj
 0002:0002c900       ?DestroyDescriptor@COleSafeArray@@QAEXXZ 100b2900 f   nafxcwd:olevar.obj
 0002:0002c920       ?AfxSafeArrayInit@@YGXPAVCOleSafeArray@@@Z 100b2920 f   nafxcwd:olevar.obj
 0002:0002c940       ?DDX_Text@@YGXPAVCDataExchange@@HAAVCOleDateTime@ATL@@@Z 100b2940 f   nafxcwd:olevar.obj
 0002:0002ca60       ?DDX_Text@@YGXPAVCDataExchange@@HAAU_FILETIME@@@Z 100b2a60 f   nafxcwd:olevar.obj
 0002:0002cbe0       ?DDX_Text@@YGXPAVCDataExchange@@HAAVCOleCurrency@@@Z 100b2be0 f   nafxcwd:olevar.obj
 0002:0002cd00       ?DDX_Text@@YGXPAVCDataExchange@@HAAUtagDEC@@@Z 100b2d00 f   nafxcwd:olevar.obj
 0002:0002cee0       ?DDX_Text@@YGXPAVCDataExchange@@HAAU_GUID@@@Z 100b2ee0 f   nafxcwd:olevar.obj
 0002:0002e580       ?Attach@CComBSTR@ATL@@QAEXPA_W@Z 100b4580 f i nafxcwd:olevar.obj
 0002:0002e5c0       ?Detach@CComBSTR@ATL@@QAEPA_WXZ 100b45c0 f i nafxcwd:olevar.obj
 0002:0002e5f0       ??$HashKey@K@@YGIK@Z       100b45f0 f i nafxcwd:olevar.obj
 0002:0002e600       ?Empty@CComBSTR@ATL@@QAEXXZ 100b4600 f i nafxcwd:olevar.obj
 0002:0002e630       ?ParseDateTime@COleDateTime@ATL@@QAE_NPBDKK@Z 100b4630 f i nafxcwd:olevar.obj
 0002:0002e8c0       ?Format@COleDateTime@ATL@@QBE?AV?$CStringT@DV?$StrTraitMFC@DV?$ChTraitsCRT@D@ATL@@@@@2@KK@Z 100b48c0 f i nafxcwd:olevar.obj
 0002:0002eb40       ??0CComBSTR@ATL@@QAE@XZ    100b4b40 f i nafxcwd:olevar.obj
 0002:0002eb60       ??BCComBSTR@ATL@@QBEPA_WXZ 100b4b60 f i nafxcwd:olevar.obj
 0002:0002eb80       ??ICComBSTR@ATL@@QAEPAPA_WXZ 100b4b80 f i nafxcwd:olevar.obj
 0002:0002eba0       ??0?$CStringT@DV?$StrTraitMFC@DV?$ChTraitsCRT@D@ATL@@@@@ATL@@QAE@PB_W@Z 100b4ba0 f i nafxcwd:olevar.obj
 0002:0002ec30       ?AtlAllocTaskWideString@ATL@@YAPA_WPBD@Z 100b4c30 f i nafxcwd:olecnvrt.obj
 0002:0002ecf0       ?AtlAllocTaskAnsiString@ATL@@YAPADPB_W@Z 100b4cf0 f i nafxcwd:olecnvrt.obj
 0002:0002edb0       ??RCTraceFileAndLineInfo@ATL@@QBAXPBDZZ 100b4db0 f i nafxcwd:winfrm.obj
 0002:0002ee10       ?_mbstowcsz@ATL@@YAHPA_WPBDK@Z 100b4e10 f i nafxcwd:winfrm.obj
 0002:0002eeb0       ??0CPushRoutingFrame@@QAE@PAVCFrameWnd@@@Z 100b4eb0 f i nafxcwd:winfrm.obj
 0002:0002ef30       ??1CPushRoutingFrame@@QAE@XZ 100b4f30 f i nafxcwd:winfrm.obj
 0002:0002efb0       ?Pop@CPushRoutingFrame@@QAEXXZ 100b4fb0 f i nafxcwd:winfrm.obj
 0002:0002f050       ?GetFileTitle@@YGFPBDPADG@Z 100b5050 f i nafxcwd:filecore.obj
 0002:0002f070       __tcsdec                   100b5070 f i nafxcwd:docmgr.obj
 0002:0002f090       ??0CFixedAllocNoSync@@QAE@II@Z 100b5090 f   nafxcwd:fixalloc.obj
 0002:0002f110       ??1CFixedAllocNoSync@@QAE@XZ 100b5110 f   nafxcwd:fixalloc.obj
 0002:0002f130       ?FreeAll@CFixedAllocNoSync@@QAEXXZ 100b5130 f   nafxcwd:fixalloc.obj
 0002:0002f160       ?Alloc@CFixedAllocNoSync@@QAEPAXXZ 100b5160 f   nafxcwd:fixalloc.obj
 0002:0002f230       ?Free@CFixedAllocNoSync@@QAEXPAX@Z 100b5230 f   nafxcwd:fixalloc.obj
 0002:0002f260       ??0CFixedAlloc@@QAE@II@Z   100b5260 f   nafxcwd:fixalloc.obj
 0002:0002f290       ??1CFixedAlloc@@QAE@XZ     100b5290 f   nafxcwd:fixalloc.obj
 0002:0002f2b0       ?FreeAll@CFixedAlloc@@QAEXXZ 100b52b0 f   nafxcwd:fixalloc.obj
 0002:0002f360       ?Alloc@CFixedAlloc@@QAEPAXXZ 100b5360 f   nafxcwd:fixalloc.obj
 0002:0002f420       ?Free@CFixedAlloc@@QAEXPAX@Z 100b5420 f   nafxcwd:fixalloc.obj
 0002:0002f5f0       ??0IStream@@QAE@XZ         100b55f0 f i nafxcwd:arcstrm.obj
 0002:0002f610       ??0ISequentialStream@@QAE@XZ 100b5610 f i nafxcwd:arcstrm.obj
 0002:0002f630       ?EnableTypeLib@CCmdTarget@@QAEXXZ 100b5630 f   nafxcwd:oletyplb.obj
 0002:0002f680       ?GetTypeInfoOfGuid@CCmdTarget@@QAEJKABU_GUID@@PAPAUITypeInfo@@@Z 100b5680 f   nafxcwd:oletyplb.obj
 0002:0002f840       ?AfxGetTypeLibCache@@YGPAVCTypeLibCache@@PBU_GUID@@@Z 100b5840 f   nafxcwd:oletyplb.obj
 0002:0002fa30       ?Lock@CTypeLibCache@@QAEXXZ 100b5a30 f   nafxcwd:oletyplb.obj
 0002:0002fa80       ?Lookup@CTypeLibCache@@QAEHKPAPAUITypeLib@@@Z 100b5a80 f   nafxcwd:oletyplb.obj
 0002:0002faf0       ?Cache@CTypeLibCache@@QAEXKPAUITypeLib@@@Z 100b5af0 f   nafxcwd:oletyplb.obj
 0002:0002fbb0       ?LookupTypeInfo@CTypeLibCache@@QAEHKABU_GUID@@PAPAUITypeInfo@@@Z 100b5bb0 f   nafxcwd:oletyplb.obj
 0002:0002fc60       ?CacheTypeInfo@CTypeLibCache@@QAEXKABU_GUID@@PAUITypeInfo@@@Z 100b5c60 f   nafxcwd:oletyplb.obj
 0002:0002fe90       ??0CTypeLibCacheMap@@QAE@XZ 100b5e90 f i nafxcwd:oletyplb.obj
 0002:0002fec0       ??_ECTypeLibCacheMap@@UAEPAXI@Z 100b5ec0 f i nafxcwd:oletyplb.obj
 0002:0002fec0       ??_GCTypeLibCacheMap@@UAEPAXI@Z 100b5ec0 f i nafxcwd:oletyplb.obj
 0002:0002ff00       ??1CTypeLibCacheMap@@UAE@XZ 100b5f00 f i nafxcwd:oletyplb.obj
 0002:0002ff20       ??_9@$BBGA@AE              100b5f20 f i nafxcwd:viewcore.obj
 0002:0002ff30       ??0CPushRoutingView@@QAE@PAVCView@@@Z 100b5f30 f i nafxcwd:viewcore.obj
 0002:0002ffb0       ??1CPushRoutingView@@QAE@XZ 100b5fb0 f i nafxcwd:viewcore.obj
 0002:00030030       ?Pop@CPushRoutingView@@QAEXXZ 100b6030 f i nafxcwd:viewcore.obj
 0002:000300d0       ?_JumpToContinuation@@YGXPAXPAUEHRegistrationNode@@@Z 100b60d0 f   libcmtd:trnsctrl.obj
 0002:00030110       ?_CallMemberFunction0@@YGXPAX0@Z 100b6110 f   libcmtd:trnsctrl.obj
 0002:00030120       ?_CallMemberFunction1@@YGXPAX00@Z 100b6120 f   libcmtd:trnsctrl.obj
 0002:00030130       ?_CallMemberFunction2@@YGXPAX00H@Z 100b6130 f   libcmtd:trnsctrl.obj
 0002:00030140       ?_UnwindNestedFrames@@YGXPAUEHRegistrationNode@@PAUEHExceptionRecord@@@Z 100b6140 f   libcmtd:trnsctrl.obj
 0002:000301b0       ___CxxFrameHandler         100b61b0 f   libcmtd:trnsctrl.obj
 0002:00030200       ___CxxLongjmpUnwind@4      100b6200 f   libcmtd:trnsctrl.obj
 0002:00030230       ?_CallCatchBlock2@@YAPAXPAUEHRegistrationNode@@PBU_s_FuncInfo@@PAXHK@Z 100b6230 f   libcmtd:trnsctrl.obj
 0002:00030330       ?_CallSETranslator@@YAHPAUEHExceptionRecord@@PAUEHRegistrationNode@@PAX2PBU_s_FuncInfo@@H1@Z 100b6330 f   libcmtd:trnsctrl.obj
 0002:00030550       ?_GetRangeOfTrysToCheck@@YAPBU_s_TryBlockMapEntry@@PBU_s_FuncInfo@@HHPAI1@Z 100b6550 f   libcmtd:trnsctrl.obj
 0002:00030600       ?_CreateFrameInfo@@YAPAUFrameInfo@@PAU1@PAX@Z 100b6600 f   libcmtd:trnsctrl.obj
 0002:00030640       ?IsExceptionObjectToBeDestroyed@@YAHPAX@Z 100b6640 f   libcmtd:trnsctrl.obj
 0002:00030680       ?_FindAndUnlinkFrame@@YAXPAUFrameInfo@@@Z 100b6680 f   libcmtd:trnsctrl.obj
 0002:000306ec       __global_unwind2           100b66ec f   libcmtd:exsup.obj
 0002:0003072e       __local_unwind2            100b672e f   libcmtd:exsup.obj
 0002:00030786       __NLG_Return2              100b6786     libcmtd:exsup.obj
 0002:00030796       __abnormal_termination     100b6796 f   libcmtd:exsup.obj
 0002:000307b9       __NLG_Notify1              100b67b9 f   libcmtd:exsup.obj
 0002:000307c2       __NLG_Notify               100b67c2 f   libcmtd:exsup.obj
 0002:000307d5       __NLG_Dispatch             100b67d5     libcmtd:exsup.obj
 0002:00030820       __RTC_CheckEsp             100b6820 f   libcmtd:stack.obj
 0002:00030850       @_RTC_CheckStackVars@8     100b6850 f   libcmtd:stack.obj
 0002:000308d0       __RTC_InitBase             100b68d0 f   libcmtd:init.obj
 0002:00030910       __RTC_Shutdown             100b6910 f   libcmtd:init.obj
 0002:00030930       __CrtDbgBreak              100b6930 f   libcmtd:dbgrpt.obj
 0002:00030940       __CrtSetReportMode         100b6940 f   libcmtd:dbgrpt.obj
 0002:000309b0       __CrtSetReportFile         100b69b0 f   libcmtd:dbgrpt.obj
 0002:00030a50       __CrtSetReportHook         100b6a50 f   libcmtd:dbgrpt.obj
 0002:00030a80       __CrtSetReportHook2        100b6a80 f   libcmtd:dbgrpt.obj
 0002:00030d60       __CrtDbgReport             100b6d60 f   libcmtd:dbgrpt.obj
 0002:000316a0       __mbscmp                   100b76a0 f   libcmtd:mbscmp.obj
 0002:00031820       _strlen                    100b7820 f   libcmtd:strlen.obj
 0002:000318d0       _memcpy                    100b78d0 f   libcmtd:memcpy.obj
 0002:00031ce0       _memmove                   100b7ce0 f   libcmtd:memmove.obj
 0002:000320f0       __fpmath                   100b80f0 f   libcmtd:fpinit.obj
 0002:00032120       __fpclear                  100b8120 f   libcmtd:fpinit.obj
 0002:00032130       __cfltcvt_init             100b8130 f   libcmtd:fpinit.obj
 0002:00032190       ___setfflag                100b8190 f   libcmtd:fpinit.obj
 0002:000321c0       _vsprintf                  100b81c0 f   libcmtd:vsprintf.obj
 0002:000322e0       __vscprintf                100b82e0 f   libcmtd:vsprintf.obj
 0002:00032380       _atol                      100b8380 f   libcmtd:atox.obj
 0002:000324d0       _atoi                      100b84d0 f   libcmtd:atox.obj
 0002:000324f0       __atoi64                   100b84f0 f   libcmtd:atox.obj
 0002:00032674       __ftol2                    100b8674 f   libcmtd:ftol2.obj
 0002:00032710       _atof                      100b8710 f   libcmtd:atof.obj
 0002:00032770       _fclose                    100b8770 f   libcmtd:fclose.obj
 0002:00032860       __fclose_lk                100b8860 f   libcmtd:fclose.obj
 0002:00032940       _fprintf                   100b8940 f   libcmtd:fprintf.obj
 0002:00032a70       __fsopen                   100b8a70 f   libcmtd:fopen.obj
 0002:00032bf0       _fopen                     100b8bf0 f   libcmtd:fopen.obj
 0002:00032c10       __onexit                   100b8c10 f   libcmtd:onexit.obj
 0002:00032db0       _atexit                    100b8db0 f   libcmtd:onexit.obj
 0002:00032dd0       ___onexitinit              100b8dd0 f   libcmtd:onexit.obj
 0002:00032e30       __alloca_probe             100b8e30     libcmtd:chkstk.obj
 0002:00032e30       __chkstk                   100b8e30 f   libcmtd:chkstk.obj
 0002:00032e80       __resetstkoflw             100b8e80 f   libcmtd:resetstk.obj
 0002:00033024       __except_handler3          100b9024 f   libcmtd:exsup3.obj
 0002:0003310a       __seh_longjmp_unwind@4     100b910a f   libcmtd:exsup3.obj
 0002:00033170       _wcscat                    100b9170 f   libcmtd:wcscat.obj
 0002:000331e0       _wcscpy                    100b91e0 f   libcmtd:wcscat.obj
 0002:00033230       _malloc                    100b9230 f   libcmtd:dbgheap.obj
 0002:00033260       __malloc_dbg               100b9260 f   libcmtd:dbgheap.obj
 0002:000332a0       __nh_malloc                100b92a0 f   libcmtd:dbgheap.obj
 0002:000332d0       __nh_malloc_dbg            100b92d0 f   libcmtd:dbgheap.obj
 0002:000333a0       __heap_alloc               100b93a0 f   libcmtd:dbgheap.obj
 0002:000333c0       __heap_alloc_dbg           100b93c0 f   libcmtd:dbgheap.obj
 0002:000337a0       _calloc                    100b97a0 f   libcmtd:dbgheap.obj
 0002:000337d0       __calloc_dbg               100b97d0 f   libcmtd:dbgheap.obj
 0002:00033850       _realloc                   100b9850 f   libcmtd:dbgheap.obj
 0002:00033880       __realloc_dbg              100b9880 f   libcmtd:dbgheap.obj
 0002:00033f90       __expand                   100b9f90 f   libcmtd:dbgheap.obj
 0002:00033fc0       __expand_dbg               100b9fc0 f   libcmtd:dbgheap.obj
 0002:00034070       _free                      100ba070 f   libcmtd:dbgheap.obj
 0002:00034090       __free_lk                  100ba090 f   libcmtd:dbgheap.obj
 0002:000340b0       __free_dbg                 100ba0b0 f   libcmtd:dbgheap.obj
 0002:00034140       __free_dbg_lk              100ba140 f   libcmtd:dbgheap.obj
 0002:00034660       __msize                    100ba660 f   libcmtd:dbgheap.obj
 0002:00034680       __msize_dbg                100ba680 f   libcmtd:dbgheap.obj
 0002:00034850       __CrtSetBreakAlloc         100ba850 f   libcmtd:dbgheap.obj
 0002:00034880       __CrtSetDbgBlockType       100ba880 f   libcmtd:dbgheap.obj
 0002:00034990       __CrtSetAllocHook          100ba990 f   libcmtd:dbgheap.obj
 0002:00034a20       __CrtCheckMemory           100baa20 f   libcmtd:dbgheap.obj
 0002:00034e60       __CrtSetDbgFlag            100bae60 f   libcmtd:dbgheap.obj
 0002:00034f30       __CrtDoForAllClientObjects 100baf30 f   libcmtd:dbgheap.obj
 0002:00035000       __CrtIsValidPointer        100bb000 f   libcmtd:dbgheap.obj
 0002:00035060       __CrtIsValidHeapPointer    100bb060 f   libcmtd:dbgheap.obj
 0002:00035140       __CrtIsMemoryBlock         100bb140 f   libcmtd:dbgheap.obj
 0002:000352b0       __CrtReportBlockType       100bb2b0 f   libcmtd:dbgheap.obj
 0002:000352f0       __CrtSetDumpClient         100bb2f0 f   libcmtd:dbgheap.obj
 0002:00035320       __CrtMemCheckpoint         100bb320 f   libcmtd:dbgheap.obj
 0002:00035520       __CrtMemDifference         100bb520 f   libcmtd:dbgheap.obj
 0002:00035680       __CrtMemDumpAllObjectsSince 100bb680 f   libcmtd:dbgheap.obj
 0002:00035b80       __CrtDumpMemoryLeaks       100bbb80 f   libcmtd:dbgheap.obj
 0002:00035c00       __CrtMemDumpStatistics     100bbc00 f   libcmtd:dbgheap.obj
 0002:00035ce0       __aligned_malloc           100bbce0 f   libcmtd:dbgheap.obj
 0002:00035d10       __aligned_malloc_dbg       100bbd10 f   libcmtd:dbgheap.obj
 0002:00035d40       __aligned_realloc          100bbd40 f   libcmtd:dbgheap.obj
 0002:00035d70       __aligned_realloc_dbg      100bbd70 f   libcmtd:dbgheap.obj
 0002:00035da0       __aligned_offset_malloc    100bbda0 f   libcmtd:dbgheap.obj
 0002:00035dd0       __aligned_offset_malloc_dbg 100bbdd0 f   libcmtd:dbgheap.obj
 0002:00035f60       __aligned_offset_realloc   100bbf60 f   libcmtd:dbgheap.obj
 0002:00035f90       __aligned_offset_realloc_dbg 100bbf90 f   libcmtd:dbgheap.obj
 0002:00036280       __aligned_free             100bc280 f   libcmtd:dbgheap.obj
 0002:000362a0       __aligned_free_dbg         100bc2a0 f   libcmtd:dbgheap.obj
 0002:00036370       __CRT_INIT@12              100bc370 f   libcmtd:dllcrt0.obj
 0002:00036650       __DllMainCRTStartup@12     100bc650 f   libcmtd:dllcrt0.obj
 0002:00036830       __amsg_exit                100bc830 f   libcmtd:dllcrt0.obj
 0002:00036880       @__security_check_cookie@4 100bc880 f   libcmtd:secchk.obj
 0002:00036930       ??1type_info@@UAE@XZ       100bc930 f   libcmtd:typinfo.obj
 0002:000369e0       ??_Gtype_info@@UAEPAXI@Z   100bc9e0 f i libcmtd:typinfo.obj
 0002:000369e0       ??_Etype_info@@UAEPAXI@Z   100bc9e0 f i libcmtd:typinfo.obj
 0002:00036a20       ??8type_info@@QBEHABV0@@Z  100bca20 f   libcmtd:typinfo.obj
 0002:00036a60       ??9type_info@@QBEHABV0@@Z  100bca60 f   libcmtd:typinfo.obj
 0002:00036aa0       ?before@type_info@@QBEHABV1@@Z 100bcaa0 f   libcmtd:typinfo.obj
 0002:00036ae0       ?raw_name@type_info@@QBEPBDXZ 100bcae0 f   libcmtd:typinfo.obj
 0002:00036b00       ??0type_info@@AAE@ABV0@@Z  100bcb00 f   libcmtd:typinfo.obj
 0002:00036b20       ??4type_info@@AAEAAV0@ABV0@@Z 100bcb20 f   libcmtd:typinfo.obj
 0002:00036b40       _memset                    100bcb40 f   libcmtd:memset.obj
 0002:00036bc0       __CxxThrowException@8      100bcbc0 f   libcmtd:throw.obj
 0002:00036c20       _sprintf                   100bcc20 f   libcmtd:sprintf.obj
 0002:00036d50       __scprintf                 100bcd50 f   libcmtd:sprintf.obj
 0002:00036df0       __purecall                 100bcdf0 f   libcmtd:purevirt.obj
 0002:00036e20       __set_purecall_handler     100bce20 f   libcmtd:purevirt.obj
 0002:00036e50       _memcmp                    100bce50 f   libcmtd:memcmp.obj
 0002:00036f40       _abs                       100bcf40 f   libcmtd:abs.obj
 0002:00036f70       __abs64                    100bcf70 f   libcmtd:abs.obj
 0002:00036fc0       __mbschr                   100bcfc0 f   libcmtd:mbschr.obj
 0002:000370c0       _wcslen                    100bd0c0 f   libcmtd:wcslen.obj
 0002:00037100       _swprintf                  100bd100 f   libcmtd:swprintf.obj
 0002:00037280       __scwprintf                100bd280 f   libcmtd:swprintf.obj
 0002:00037320       __beginthreadex            100bd320 f   libcmtd:threadex.obj
 0002:00037580       __endthreadex              100bd580 f   libcmtd:threadex.obj
 0002:000375e0       _sscanf                    100bd5e0 f   libcmtd:sscanf.obj
 0002:000376b0       __snprintf                 100bd6b0 f   libcmtd:snprintf.obj
 0002:000377e0       __strdup                   100bd7e0 f   libcmtd:strdup.obj
 0002:00037840       __cinit                    100bd840 f   libcmtd:crt0dat.obj
 0002:000378c0       _exit                      100bd8c0 f   libcmtd:crt0dat.obj
 0002:000378e0       __exit                     100bd8e0 f   libcmtd:crt0dat.obj
 0002:00037900       __cexit                    100bd900 f   libcmtd:crt0dat.obj
 0002:00037920       __c_exit                   100bd920 f   libcmtd:crt0dat.obj
 0002:00037ac0       ___crtExitProcess          100bdac0 f   libcmtd:crt0dat.obj
 0002:00037b20       __lockexit                 100bdb20 f   libcmtd:crt0dat.obj
 0002:00037b40       __unlockexit               100bdb40 f   libcmtd:crt0dat.obj
 0002:00037be0       ??_M@YGXPAXIHP6EX0@Z@Z     100bdbe0 f   libcmtd:ehvecdtr.obj
 0002:00037cb0       ?__ArrayUnwind@@YGXPAXIHP6EX0@Z@Z 100bdcb0 f   libcmtd:ehvecdtr.obj
 0002:00037d90       __dosmaperr                100bdd90 f   libcmtd:dosmap.obj
 0002:00037e50       __errno                    100bde50 f   libcmtd:dosmap.obj
 0002:00037e60       ___doserrno                100bde60 f   libcmtd:dosmap.obj
 0002:00037e70       __mbsrchr                  100bde70 f   libcmtd:mbsrchr.obj
 0002:00037f70       __mbsinc                   100bdf70 f   libcmtd:mbsinc.obj
 0002:00037fc0       _labs                      100bdfc0 f   libcmtd:labs.obj
 0002:00037ff0       __allshl                   100bdff0 f   libcmtd:llshl.obj
 0002:00038020       __allmul                   100be020 f   libcmtd:llmul.obj
 0002:00038070       __aullshr                  100be070 f   libcmtd:ullshr.obj
 0002:000380a0       __alldiv                   100be0a0 f   libcmtd:lldiv.obj
 0002:00038180       ___updatetmbcinfo          100be180 f   libcmtd:mbctype.obj
 0002:00038280       __setmbcp                  100be280 f   libcmtd:mbctype.obj
 0002:00038e10       __getmbcp                  100bee10 f   libcmtd:mbctype.obj
 0002:00038e30       ___initmbctable            100bee30 f   libcmtd:mbctype.obj
 0002:00038e60       ??_L@YGXPAXIHP6EX0@Z1@Z    100bee60 f   libcmtd:ehvecctr.obj
 0002:00038f30       __mbsdec                   100bef30 f   libcmtd:mbsdec.obj
 0002:00038fe0       __mbsspn                   100befe0 f   libcmtd:mbsspn.obj
 0002:00039030       ___mbsspn_mt               100bf030 f   libcmtd:mbsspn.obj
 0002:00039180       __mbscspn                  100bf180 f   libcmtd:mbscspn.obj
 0002:000391d0       ___mbscspn_mt              100bf1d0 f   libcmtd:mbscspn.obj
 0002:00039320       __vsnprintf                100bf320 f   libcmtd:vsnprint.obj
 0002:00039420       __gcvt                     100bf420 f   libcmtd:gcvt.obj
 0002:000395c0       __mbspbrk                  100bf5c0 f   libcmtd:mbspbrk.obj
 0002:00039610       ___mbspbrk_mt              100bf610 f   libcmtd:mbspbrk.obj
 0002:00039760       __ctime64                  100bf760 f   libcmtd:ctime64.obj
 0002:000397a0       __ismbcspace               100bf7a0 f   libcmtd:ismbspc.obj
 0002:000398a0       ___InternalCxxFrameHandler 100bf8a0 f   libcmtd:frame.obj
 0002:00039f70       ___FrameUnwindToState      100bff70 f   libcmtd:frame.obj
 0002:0003a8b0       ___DestructExceptionObject 100c08b0 f   libcmtd:frame.obj
 0002:0003a9c0       ?__uncaught_exception@@YA_NXZ 100c09c0 f   libcmtd:frame.obj
 0002:0003a9e0       ___CxxExceptionFilter      100c09e0 f   libcmtd:frame.obj
 0002:0003ac00       ___CxxRegisterExceptionObject 100c0c00 f   libcmtd:frame.obj
 0002:0003ad60       ___CxxDetectRethrow        100c0d60 f   libcmtd:frame.obj
 0002:0003add0       ___CxxUnregisterExceptionObject 100c0dd0 f   libcmtd:frame.obj
 0002:0003aed0       ___CxxQueryExceptionSize   100c0ed0 f   libcmtd:frame.obj
 0002:0003aee0       ___CxxCallUnwindDtor       100c0ee0 f   libcmtd:frame.obj
 0002:0003af60       ___CxxCallUnwindVecDtor    100c0f60 f   libcmtd:frame.obj
 0002:0003aff0       __CallSettingFrame@12      100c0ff0 f   libcmtd:lowhelpr.obj
 0002:0003b017       __NLG_Return               100c1017     libcmtd:lowhelpr.obj
 0002:0003b050       ___crtTlsAlloc@4           100c1050 f   libcmtd:tidtable.obj
 0002:0003b060       __mtinit                   100c1060 f   libcmtd:tidtable.obj
 0002:0003b200       __mtterm                   100c1200 f   libcmtd:tidtable.obj
 0002:0003b240       __initptd                  100c1240 f   libcmtd:tidtable.obj
 0002:0003b260       __getptd                   100c1260 f   libcmtd:tidtable.obj
 0002:0003b330       __freefls@4                100c1330 f   libcmtd:tidtable.obj
 0002:0003b640       __freeptd                  100c1640 f   libcmtd:tidtable.obj
 0002:0003b690       ___threadid                100c1690 f   libcmtd:tidtable.obj
 0002:0003b6a0       ___threadhandle            100c16a0 f   libcmtd:tidtable.obj
 0002:0003b6b0       ?terminate@@YAXXZ          100c16b0 f   libcmtd:hooks.obj
 0002:0003b740       ?unexpected@@YAXXZ         100c1740 f   libcmtd:hooks.obj
 0002:0003b770       ?_inconsistency@@YAXXZ     100c1770 f   libcmtd:hooks.obj
 0002:0003b800       ?_RTC_Failure@@YAXPAXH@Z   100c1800 f   libcmtd:error.obj
 0002:0003baf0       ?_RTC_MemFailure@@YAXPAXHPBX@Z 100c1af0 f   libcmtd:error.obj
 0002:0003bdd0       ?_RTC_StackFailure@@YAXPAXPBD@Z 100c1dd0 f   libcmtd:error.obj
 0002:0003bec0       __RTC_UninitUse            100c1ec0 f   libcmtd:error.obj
 0002:0003c0f0       __RTC_NumErrors            100c20f0 f   libcmtd:userapi.obj
 0002:0003c100       __RTC_GetErrDesc           100c2100 f   libcmtd:userapi.obj
 0002:0003c130       __RTC_SetErrorType         100c2130 f   libcmtd:userapi.obj
 0002:0003c160       __RTC_SetErrorFunc         100c2160 f   libcmtd:userapi.obj
 0002:0003c180       ?_RTC_GetErrorFunc@@YAP6AHHPBDH00ZZPBX@Z 100c2180 f   libcmtd:userapi.obj
 0002:0003c190       __chkesp                   100c2190 f   libcmtd:chkesp.obj
 0002:0003c1e0       __CRT_RTC_INIT             100c21e0 f   libcmtd:chkesp.obj
 0002:0003c1f0       __mtinitlocks              100c21f0 f   libcmtd:mlock.obj
 0002:0003c2a0       __mtdeletelocks            100c22a0 f   libcmtd:mlock.obj
 0002:0003c390       __mtinitlocknum            100c2390 f   libcmtd:mlock.obj
 0002:0003c500       __lock                     100c2500 f   libcmtd:mlock.obj
 0002:0003c550       __unlock                   100c2550 f   libcmtd:mlock.obj
 0002:0003c570       __lockerr_exit             100c2570 f   libcmtd:mlock.obj
 0002:0003c5a0       __itoa                     100c25a0 f   libcmtd:xtoa.obj
 0002:0003c700       __ltoa                     100c2700 f   libcmtd:xtoa.obj
 0002:0003c750       __ultoa                    100c2750 f   libcmtd:xtoa.obj
 0002:0003c780       __i64toa                   100c2780 f   libcmtd:xtoa.obj
 0002:0003c910       __ui64toa                  100c2910 f   libcmtd:xtoa.obj
 0002:0003c940       _strcpy                    100c2940 f   libcmtd:strcat.obj
 0002:0003c950       _strcat                    100c2950 f   libcmtd:strcat.obj
 0002:0003ca80       _signal                    100c2a80 f   libcmtd:winsig.obj
 0002:0003ce80       _raise                     100c2e80 f   libcmtd:winsig.obj
 0002:0003d1e0       ___fpecode                 100c31e0 f   libcmtd:winsig.obj
 0002:0003d1f0       ___pxcptinfoptrs           100c31f0 f   libcmtd:winsig.obj
 0002:0003d200       ___crtMessageBoxA          100c3200 f   libcmtd:crtmbox.obj
 0002:0003d3d0       _strncpy                   100c33d0 f   libcmtd:strncpy.obj
 0002:0003d540       _strcmp                    100c3540 f   libcmtd:strcmp.obj
 0002:0003d5f0       __setdefaultprecision      100c35f0 f   libcmtd:fp8.obj
 0002:0003d610       __ms_p5_test_fdiv          100c3610 f   libcmtd:testfdiv.obj
 0002:0003d680       __ms_p5_mp_test_fdiv       100c3680 f   libcmtd:testfdiv.obj
 0002:0003d6e0       __forcdecpt                100c36e0 f   libcmtd:cvt.obj
 0002:0003d780       __cropzeros                100c3780 f   libcmtd:cvt.obj
 0002:0003d890       __positive                 100c3890 f   libcmtd:cvt.obj
 0002:0003d8d0       __fassign                  100c38d0 f   libcmtd:cvt.obj
 0002:0003d930       __cftoe                    100c3930 f   libcmtd:cvt.obj
 0002:0003dbb0       __cftof                    100c3bb0 f   libcmtd:cvt.obj
 0002:0003dde0       __cftog                    100c3de0 f   libcmtd:cvt.obj
 0002:0003df20       __cfltcvt                  100c3f20 f   libcmtd:cvt.obj
 0002:0003dfe0       __flsbuf                   100c3fe0 f   libcmtd:_flsbuf.obj
 0002:0003e2d0       __output                   100c42d0 f   libcmtd:output.obj
 0002:0003f640       __chvalidator              100c5640 f   libcmtd:isctype.obj
 0002:0003f690       __chvalidator_mt           100c5690 f   libcmtd:isctype.obj
 0002:0003f6e0       __isctype                  100c56e0 f   libcmtd:isctype.obj
 0002:0003f730       ___isctype_mt              100c5730 f   libcmtd:isctype.obj
 0002:0003f820       ____setlc_active_func      100c5820 f   libcmtd:setlocal.obj
 0002:0003f830       ____unguarded_readlc_active_add_func 100c5830 f   libcmtd:setlocal.obj
 0002:0003f840       ___freetlocinfo            100c5840 f   libcmtd:setlocal.obj
 0002:0003fa20       ___updatetlocinfo          100c5a20 f   libcmtd:setlocal.obj
 0002:0003fcf0       _setlocale                 100c5cf0 f   libcmtd:setlocal.obj
 0002:00040a60       __expandlocale             100c6a60 f   libcmtd:setlocal.obj
 0002:00040cb0       ___init_dummy              100c6cb0 f   libcmtd:setlocal.obj
 0002:00040cc0       __strcats                  100c6cc0 f   libcmtd:setlocal.obj
 0002:00040d30       ___lc_strtolc              100c6d30 f   libcmtd:setlocal.obj
[...]
 0005:00001ca8       __imp__SetForegroundWindow@4 10228ca8     user32:USER32.dll
 0005:00001cac       __imp__ShowCaret@4         10228cac     user32:USER32.dll
 0005:00001cb0       __imp__HideCaret@4         10228cb0     user32:USER32.dll
 0005:00001cb4       __imp__SetCaretPos@8       10228cb4     user32:USER32.dll
 0005:00001cb8       __imp__GetCaretPos@4       10228cb8     user32:USER32.dll
 0005:00001cbc       __imp__CreateCaret@16      10228cbc     user32:USER32.dll
 0005:00001cc0       __imp__GetClipboardViewer@0 10228cc0     user32:USER32.dll
 0005:00001cc4       __imp__GetClipboardOwner@0 10228cc4     user32:USER32.dll
 0005:00001cc8       __imp__GetOpenClipboardWindow@0 10228cc8     user32:USER32.dll
 0005:00001ccc       __imp__OpenClipboard@4     10228ccc     user32:USER32.dll
 0005:00001cd0       __imp__SetClipboardViewer@4 10228cd0     user32:USER32.dll
 0005:00001cd4       __imp__ChangeClipboardChain@8 10228cd4     user32:USER32.dll
 0005:00001cd8       __imp__FlashWindow@8       10228cd8     user32:USER32.dll
 0005:00001cdc       __imp__WindowFromPoint@8   10228cdc     user32:USER32.dll
 0005:00001ce0       __imp__SetParent@8         10228ce0     user32:USER32.dll
 0005:00001ce4       __imp__GetLastActivePopup@4 10228ce4     user32:USER32.dll
 0005:00001ce8       __imp__FindWindowExA@16    10228ce8     user32:USER32.dll
 0005:00001cec       __imp__ChildWindowFromPointEx@16 10228cec     user32:USER32.dll
 0005:00001cf0       __imp__ChildWindowFromPoint@12 10228cf0     user32:USER32.dll
 0005:00001cf4       __imp__ShowScrollBar@12    10228cf4     user32:USER32.dll
 0005:00001cf8       __imp__GetNextDlgTabItem@12 10228cf8     user32:USER32.dll
 0005:00001cfc       __imp__GetNextDlgGroupItem@12 10228cfc     user32:USER32.dll
 0005:00001d00       __imp__DlgDirSelectComboBoxExA@16 10228d00     user32:USER32.dll
 0005:00001d04       __imp__DlgDirSelectExA@16  10228d04     user32:USER32.dll
 0005:00001d08       __imp__SetRectEmpty@4      10228d08     user32:USER32.dll
 0005:00001d0c       __imp__DlgDirListA@20      10228d0c     user32:USER32.dll
 0005:00001d10       __imp__GetDesktopWindow@0  10228d10     user32:USER32.dll
 0005:00001d14       __imp__SetCapture@4        10228d14     user32:USER32.dll
 0005:00001d18       __imp__GetActiveWindow@0   10228d18     user32:USER32.dll
 0005:00001d1c       __imp__KillTimer@8         10228d1c     user32:USER32.dll
 0005:00001d20       __imp__SetTimer@16         10228d20     user32:USER32.dll
 0005:00001d24       __imp__DrawCaption@16      10228d24     user32:USER32.dll
 0005:00001d28       __imp__DrawAnimatedRects@16 10228d28     user32:USER32.dll
 0005:00001d2c       __imp__EnableScrollBar@12  10228d2c     user32:USER32.dll
 0005:00001d30       __imp__RedrawWindow@16     10228d30     user32:USER32.dll
 0005:00001d34       __imp__LockWindowUpdate@4  10228d34     user32:USER32.dll
 0005:00001d38       __imp__GetDCEx@12          10228d38     user32:USER32.dll
 0005:00001d3c       __imp__ShowOwnedPopups@8   10228d3c     user32:USER32.dll
 0005:00001d40       __imp__IsWindowVisible@4   10228d40     user32:USER32.dll
 0005:00001d44       __imp__ValidateRgn@8       10228d44     user32:USER32.dll
 0005:00001d48       __imp__ValidateRect@8      10228d48     user32:USER32.dll
 0005:00001d4c       __imp__InvalidateRgn@12    10228d4c     user32:USER32.dll
 0005:00001d50       __imp__InvalidateRect@12   10228d50     user32:USER32.dll
 0005:00001d54       __imp__GetUpdateRgn@12     10228d54     user32:USER32.dll
 0005:00001d58       __imp__GetUpdateRect@12    10228d58     user32:USER32.dll
 0005:00001d5c       __imp__UpdateWindow@4      10228d5c     user32:USER32.dll
 0005:00001d60       __imp__ReleaseDC@8         10228d60     user32:USER32.dll
 0005:00001d64       __imp__GetWindowDC@4       10228d64     user32:USER32.dll
 0005:00001d68       __imp__GetSysColor@4       10228d68     user32:USER32.dll
 0005:00001d6c       __imp__SendMessageA@16     10228d6c     user32:USER32.dll
 0005:00001d70       __imp__GetSystemMetrics@4  10228d70     user32:USER32.dll
 0005:00001d74       __imp__FindWindowA@8       10228d74     user32:USER32.dll
 0005:00001d78       __imp__CharLowerW@4        10228d78     user32:USER32.dll
 0005:00001d7c       __imp__CharLowerA@4        10228d7c     user32:USER32.dll
 0005:00001d80       __imp__CharUpperW@4        10228d80     user32:USER32.dll
 0005:00001d84       __imp__MsgWaitForMultipleObjects@20 10228d84     user32:USER32.dll
 0005:00001d88       __imp__IsWindowUnicode@4   10228d88     user32:USER32.dll
 0005:00001d8c       __imp__GetMessageW@16      10228d8c     user32:USER32.dll
 0005:00001d90       __imp__DispatchMessageW@4  10228d90     user32:USER32.dll
 0005:00001d94       __imp__SubtractRect@12     10228d94     user32:USER32.dll
 0005:00001d98       __imp__UnionRect@12        10228d98     user32:USER32.dll
 0005:00001d9c       __imp__InflateRect@12      10228d9c     user32:USER32.dll
 0005:00001da0       __imp__SetRect@20          10228da0     user32:USER32.dll
 0005:00001da4       __imp__GetDC@4             10228da4     user32:USER32.dll
 0005:00001da8       __imp__EndPaint@8          10228da8     user32:USER32.dll
 0005:00001dac       __imp__BeginPaint@8        10228dac     user32:USER32.dll
 0005:00001db0       __imp__ClientToScreen@8    10228db0     user32:USER32.dll
 0005:00001db4       __imp__BringWindowToTop@4  10228db4     user32:USER32.dll
 0005:00001db8       __imp__GetWindowRgn@8      10228db8     user32:USER32.dll
 0005:00001dbc       __imp__SetWindowRgn@12     10228dbc     user32:USER32.dll
 0005:00001dc0       __imp__ArrangeIconicWindows@4 10228dc0     user32:USER32.dll
 0005:00001dc4       __imp__IsZoomed@4          10228dc4     user32:USER32.dll
 0005:00001dc8       __imp__HiliteMenuItem@16   10228dc8     user32:USER32.dll
 0005:00001dcc       __imp__GetSystemMenu@8     10228dcc     user32:USER32.dll
 0005:00001dd0       __imp__DrawMenuBar@4       10228dd0     user32:USER32.dll
 0005:00001dd4       __imp__SetMenu@8           10228dd4     user32:USER32.dll
 0005:00001dd8       __imp__GetMenu@4           10228dd8     user32:USER32.dll
 0005:00001ddc       __imp__DragDetect@12       10228ddc     user32:USER32.dll
 0005:00001de0       __imp__ReleaseCapture@0    10228de0     user32:USER32.dll
 0005:00001de4       __imp__GetDialogBaseUnits@0 10228de4     user32:USER32.dll
 0005:00001de8       __imp__LoadAcceleratorsA@8 10228de8     user32:USER32.dll
 0005:00001dec       __imp__TranslateAcceleratorA@12 10228dec     user32:USER32.dll
 0005:00001df0       __imp__ReuseDDElParam@20   10228df0     user32:USER32.dll
 0005:00001df4       __imp__DestroyIcon@4       10228df4     user32:USER32.dll
 0005:00001df8       __imp__PostMessageA@16     10228df8     user32:USER32.dll
 0005:00001dfc       __imp__EnableWindow@8      10228dfc     user32:USER32.dll
 0005:00001e00       __imp__IsWindowEnabled@4   10228e00     user32:USER32.dll
 0005:00001e04       __imp__ShowWindow@8        10228e04     user32:USER32.dll
 0005:00001e08       __imp__MoveWindow@24       10228e08     user32:USER32.dll
 0005:00001e0c       __imp__SetWindowTextA@8    10228e0c     user32:USER32.dll
 0005:00001e10       __imp__IsDialogMessageA@8  10228e10     user32:USER32.dll
 0005:00001e14       __imp__ScrollWindowEx@32   10228e14     user32:USER32.dll
 0005:00001e18       __imp__IsDlgButtonChecked@8 10228e18     user32:USER32.dll
 0005:00001e1c       __imp__SetDlgItemTextA@12  10228e1c     user32:USER32.dll
 0005:00001e20       __imp__SetDlgItemInt@16    10228e20     user32:USER32.dll
 0005:00001e24       __imp__GetDlgItemTextA@16  10228e24     user32:USER32.dll
 0005:00001e28       __imp__GetDlgItemInt@16    10228e28     user32:USER32.dll
 0005:00001e2c       __imp__CheckRadioButton@16 10228e2c     user32:USER32.dll
 0005:00001e30       __imp__CheckDlgButton@12   10228e30     user32:USER32.dll
 0005:00001e34       __imp__RegisterWindowMessageA@4 10228e34     user32:USER32.dll
 0005:00001e38       __imp__LoadIconA@8         10228e38     user32:USER32.dll
 0005:00001e3c       __imp__SendDlgItemMessageA@20 10228e3c     user32:USER32.dll
 0005:00001e40       __imp__GetClientRect@8     10228e40     user32:USER32.dll
 0005:00001e44       __imp__MapWindowPoints@16  10228e44     user32:USER32.dll
 0005:00001e48       __imp__PeekMessageA@20     10228e48     user32:USER32.dll
 0005:00001e4c       __imp__DispatchMessageA@4  10228e4c     user32:USER32.dll
 0005:00001e50       __imp__GetFocus@0          10228e50     user32:USER32.dll
 0005:00001e54       __imp__SetActiveWindow@4   10228e54     user32:USER32.dll
 0005:00001e58       __imp__SetFocus@4          10228e58     user32:USER32.dll
 0005:00001e5c       __imp__AdjustWindowRectEx@16 10228e5c     user32:USER32.dll
 0005:00001e60       __imp__ScreenToClient@8    10228e60     user32:USER32.dll
 0005:00001e64       __imp__EqualRect@8         10228e64     user32:USER32.dll
 0005:00001e68       __imp__DeferWindowPos@32   10228e68     user32:USER32.dll
 0005:00001e6c       __imp__BeginDeferWindowPos@4 10228e6c     user32:USER32.dll
 0005:00001e70       __imp__CopyRect@8          10228e70     user32:USER32.dll
 0005:00001e74       __imp__EndDeferWindowPos@4 10228e74     user32:USER32.dll
 0005:00001e78       __imp__ScrollWindow@20     10228e78     user32:USER32.dll
 0005:00001e7c       __imp__GetScrollInfo@12    10228e7c     user32:USER32.dll
 0005:00001e80       __imp__SetScrollInfo@16    10228e80     user32:USER32.dll
 0005:00001e84       __imp__GetScrollRange@16   10228e84     user32:USER32.dll
 0005:00001e88       __imp__SetScrollRange@20   10228e88     user32:USER32.dll
 0005:00001e8c       __imp__GetKeyNameTextA@12  10228e8c     user32:USER32.dll
 0005:00001e90       __imp__MapVirtualKeyA@8    10228e90     user32:USER32.dll
 0005:00001e94       __imp__IsClipboardFormatAvailable@4 10228e94     user32:USER32.dll
 0005:00001e98       __imp__MessageBeep@4       10228e98     user32:USER32.dll
 0005:00001e9c       __imp__DlgDirListComboBoxA@20 10228e9c     user32:USER32.dll
 0005:00001ea0       __imp__PtInRect@12         10228ea0     user32:USER32.dll
 0005:00001ea4       __imp__IsRectEmpty@4       10228ea4     user32:USER32.dll
 0005:00001ea8       __imp__CharUpperA@4        10228ea8     user32:USER32.dll
 0005:00001eac       __imp__LoadImageA@24       10228eac     user32:USER32.dll
 0005:00001eb0       __imp__CopyImage@20        10228eb0     user32:USER32.dll
 0005:00001eb4       __imp__GetWindowRect@8     10228eb4     user32:USER32.dll
 0005:00001eb8       __imp__GetWindowPlacement@8 10228eb8     user32:USER32.dll
 0005:00001ebc       __imp__IsIconic@4          10228ebc     user32:USER32.dll
 0005:00001ec0       __imp__SystemParametersInfoA@16 10228ec0     user32:USER32.dll
 0005:00001ec4       __imp__IntersectRect@12    10228ec4     user32:USER32.dll
 0005:00001ec8       __imp__OffsetRect@12       10228ec8     user32:USER32.dll
 0005:00001ecc       __imp__SetWindowPos@28     10228ecc     user32:USER32.dll
 0005:00001ed0       __imp__SetWindowLongA@12   10228ed0     user32:USER32.dll
 0005:00001ed4       __imp__GetWindowLongA@8    10228ed4     user32:USER32.dll
 0005:00001ed8       __imp__GetMessagePos@0     10228ed8     user32:USER32.dll
 0005:00001edc       __imp__GetMessageTime@0    10228edc     user32:USER32.dll
 0005:00001ee0       __imp__DefWindowProcA@16   10228ee0     user32:USER32.dll
 0005:00001ee4       __imp__RemovePropA@8       10228ee4     user32:USER32.dll
 0005:00001ee8       __imp__CallWindowProcA@20  10228ee8     user32:USER32.dll
 0005:00001eec       __imp__GetPropA@8          10228eec     user32:USER32.dll
 0005:00001ef0       __imp__UnhookWindowsHookEx@4 10228ef0     user32:USER32.dll
 0005:00001ef4       __imp__SetPropA@12         10228ef4     user32:USER32.dll
 0005:00001ef8       __imp__GetScrollPos@8      10228ef8     user32:USER32.dll
 0005:00001efc       __imp__SetScrollPos@16     10228efc     user32:USER32.dll
 0005:00001f00       __imp__GetTopWindow@4      10228f00     user32:USER32.dll
 0005:00001f04       __imp__MessageBoxA@16      10228f04     user32:USER32.dll
 0005:00001f08       __imp__IsChild@8           10228f08     user32:USER32.dll
 0005:00001f0c       __imp__GetParent@4         10228f0c     user32:USER32.dll
 0005:00001f10       __imp__GetWindow@8         10228f10     user32:USER32.dll
 0005:00001f14       __imp__GetCapture@0        10228f14     user32:USER32.dll
 0005:00001f18       __imp__WinHelpA@16         10228f18     user32:USER32.dll
 0005:00001f1c       __imp__GetClassInfoA@12    10228f1c     user32:USER32.dll
 0005:00001f20       __imp__RegisterClassA@4    10228f20     user32:USER32.dll
 0005:00001f24       __imp__UnregisterClassA@8  10228f24     user32:USER32.dll
 0005:00001f28       __imp__TrackPopupMenuEx@24 10228f28     user32:USER32.dll
 0005:00001f2c       __imp__TrackPopupMenu@28   10228f2c     user32:USER32.dll
 0005:00001f30       __imp__SetWindowPlacement@8 10228f30     user32:USER32.dll
 0005:00001f34       __imp__GetDlgItem@8        10228f34     user32:USER32.dll
 0005:00001f38       __imp__GetWindowTextLengthA@4 10228f38     user32:USER32.dll
 0005:00001f3c       __imp__GetWindowTextA@12   10228f3c     user32:USER32.dll
 0005:00001f40       __imp__GetKeyState@4       10228f40     user32:USER32.dll
 0005:00001f44       __imp__DestroyWindow@4     10228f44     user32:USER32.dll
 0005:00001f48       __imp__GetDlgCtrlID@4      10228f48     user32:USER32.dll
 0005:00001f4c       __imp__IsWindow@4          10228f4c     user32:USER32.dll
 0005:00001f50       __imp__CreateWindowExA@48  10228f50     user32:USER32.dll
 0005:00001f54       __imp__SetWindowsHookExA@16 10228f54     user32:USER32.dll
 0005:00001f58       __imp__CallNextHookEx@16   10228f58     user32:USER32.dll
 0005:00001f5c       __imp__GetClassLongA@8     10228f5c     user32:USER32.dll
 0005:00001f60       __imp__GetClassInfoExA@12  10228f60     user32:USER32.dll
 0005:00001f64       __imp__GetClassNameA@12    10228f64     user32:USER32.dll
 0005:00001f68       __imp__SetCursor@4         10228f68     user32:USER32.dll
 0005:00001f6c       \177USER32_NULL_THUNK_DATA 10228f6c     user32:USER32.dll
 0005:00002058       __imp__GetFileVersionInfoA@16 10229058     version:VERSION.dll
 0005:0000205c       __imp__GetFileVersionInfoSizeA@8 1022905c     version:VERSION.dll
 0005:00002060       __imp__VerQueryValueA@16   10229060     version:VERSION.dll
 0005:00002064       \177VERSION_NULL_THUNK_DATA 10229064     version:VERSION.dll
 0005:00002090       __imp__OpenPrinterA@12     10229090     winspool:WINSPOOL.DRV
 0005:00002094       __imp__GetJobA@24          10229094     winspool:WINSPOOL.DRV
 0005:00002098       __imp__ClosePrinter@4      10229098     winspool:WINSPOOL.DRV
 0005:0000209c       __imp__DocumentPropertiesA@24 1022909c     winspool:WINSPOOL.DRV
 0005:000020a0       \177WINSPOOL_NULL_THUNK_DATA 102290a0     winspool:WINSPOOL.DRV
 0005:000020cc       __imp__CommDlgExtendedError@0 102290cc     comdlg32:comdlg32.dll
 0005:000020d0       __imp__PrintDlgA@4         102290d0     comdlg32:comdlg32.dll
 0005:000020d4       __imp__PageSetupDlgA@4     102290d4     comdlg32:comdlg32.dll
 0005:000020d8       __imp__FindTextA@4         102290d8     comdlg32:comdlg32.dll
 0005:000020dc       __imp__ReplaceTextA@4      102290dc     comdlg32:comdlg32.dll
 0005:000020e0       __imp__ChooseColorA@4      102290e0     comdlg32:comdlg32.dll
 0005:000020e4       __imp__GetFileTitleA@12    102290e4     comdlg32:comdlg32.dll
 0005:000020e8       __imp__GetOpenFileNameA@4  102290e8     comdlg32:comdlg32.dll
 0005:000020ec       __imp__GetSaveFileNameA@4  102290ec     comdlg32:comdlg32.dll
 0005:000020f0       \177comdlg32_NULL_THUNK_DATA 102290f0     comdlg32:comdlg32.dll
 0005:00002120       __imp__WriteFmtUserTypeStg@12 10229120     ole32:ole32.dll
 0005:00002124       __imp__SetConvertStg@8     10229124     ole32:ole32.dll
 0005:00002128       __imp__WriteClassStg@8     10229128     ole32:ole32.dll
 0005:0000212c       __imp__CreateBindCtx@8     1022912c     ole32:ole32.dll
 0005:00002130       __imp__CoTaskMemAlloc@4    10229130     ole32:ole32.dll
 0005:00002134       __imp__OleDuplicateData@12 10229134     ole32:ole32.dll
 0005:00002138       __imp__OleRegGetUserType@12 10229138     ole32:ole32.dll
 0005:0000213c       __imp__ReadFmtUserTypeStg@12 1022913c     ole32:ole32.dll
 0005:00002140       __imp__ReadClassStg@8      10229140     ole32:ole32.dll
 0005:00002144       __imp__StringFromCLSID@8   10229144     ole32:ole32.dll
 0005:00002148       __imp__CoTreatAsClass@8    10229148     ole32:ole32.dll
 0005:0000214c       __imp__ReleaseStgMedium@4  1022914c     ole32:ole32.dll
 0005:00002150       __imp__CoRegisterClassObject@20 10229150     ole32:ole32.dll
 0005:00002154       __imp__CoRevokeClassObject@4 10229154     ole32:ole32.dll
 0005:00002158       __imp__CoDisconnectObject@8 10229158     ole32:ole32.dll
 0005:0000215c       __imp__CoCreateInstance@20 1022915c     ole32:ole32.dll
 0005:00002160       __imp__StringFromGUID2@12  10229160     ole32:ole32.dll
 0005:00002164       __imp__CoReleaseMarshalData@4 10229164     ole32:ole32.dll
 0005:00002168       __imp__CoMarshalInterface@24 10229168     ole32:ole32.dll
 0005:0000216c       __imp__CreateStreamOnHGlobal@12 1022916c     ole32:ole32.dll
 0005:00002170       __imp__CoUnmarshalInterface@12 10229170     ole32:ole32.dll
 0005:00002174       __imp__CLSIDFromString@8   10229174     ole32:ole32.dll
 0005:00002178       __imp__CLSIDFromProgID@8   10229178     ole32:ole32.dll
 0005:0000217c       __imp__OleRun@4            1022917c     ole32:ole32.dll
 0005:00002180       __imp__CoTaskMemFree@4     10229180     ole32:ole32.dll
 0005:00002184       \177ole32_NULL_THUNK_DATA  10229184     ole32:ole32.dll
 0006:00000000       __DELAY_IMPORT_DESCRIPTOR_OLEACC 1022d000     oleacc:OLEACC.dll
 0006:00000020       __NULL_DELAY_IMPORT_DESCRIPTOR 1022d020     oleacc:OLEACC.dll
 0006:0000004c       \177OLEACC_NULL_THUNK_DATA_DLN 1022d04c     oleacc:OLEACC.dll
 0006:00000078       __imp__LresultFromObject@12 1022d078     oleacc:OLEACC.dll
 0006:0000007c       __imp__AccessibleObjectFromWindow@16 1022d07c     oleacc:OLEACC.dll
 0006:00000080       __imp__CreateStdAccessibleObject@16 1022d080     oleacc:OLEACC.dll
 0006:00000084       \177OLEACC_NULL_THUNK_DATA_DLA 1022d084     oleacc:OLEACC.dll
 0006:0000020c       \177OLEACC_NULL_THUNK_DATA_DLB 1022d20c     oleacc:OLEACC.dll

 entry point at        0002:00001329


 Exports

  ordinal    name

        1    ?CloseMiniX@@YGXXZ (void __stdcall CloseMiniX(void))
               exported name: CloseMiniX
        2    ?OpenMiniX@@YGXXZ (void __stdcall OpenMiniX(void))
               exported name: OpenMiniX
        3    ?ReadMiniXMonitor@@YGXPAU_MiniX_Monitor@@@Z (void __stdcall ReadMiniXMonitor(struct _MiniX_Monitor *))
               exported name: ReadMiniXMonitor
        4    ?ReadMiniXSerialNumber@@YGJXZ (long __stdcall ReadMiniXSerialNumber(void))
               exported name: ReadMiniXSerialNumber
        5    ?ReadMiniXSettings@@YGXPAU_MiniX_Settings@@@Z (void __stdcall ReadMiniXSettings(struct _MiniX_Settings *))
               exported name: ReadMiniXSettings
        6    ?SendMiniXCommand@@YGXE@Z (void __stdcall SendMiniXCommand(unsigned char))
               exported name: SendMiniXCommand
        7    ?SetMiniXCurrent@@YGXN@Z (void __stdcall SetMiniXCurrent(double))
               exported name: SetMiniXCurrent
        8    ?SetMiniXHV@@YGXN@Z (void __stdcall SetMiniXHV(double))
               exported name: SetMiniXHV
        9    ?isMiniXDlg@@YGEXZ (unsigned char __stdcall isMiniXDlg(void))
               exported name: isMiniXDlg
       10    _DllCanUnloadNow@0
               exported name: DllCanUnloadNow
       11    _DllGetClassObject@12
               exported name: DllGetClassObject
       12    _DllRegisterServer@0
               exported name: DllRegisterServer
